[    0.000000] Initializing cgroup subsys cpuset
[    0.000000] Initializing cgroup subsys cpu
[    0.000000] Initializing cgroup subsys cpuacct
[    0.000000] Linux version 4.4.0-187-generic (buildd@lgw01-amd64-035) (gcc version 5.4.0 20160609 (Ubuntu 5.4.0-6ubuntu1~16.04.12) ) #217-Ubuntu SMP Tue Jul 21 04:18:15 UTC 2020 (Ubuntu 4.4.0-187.217-generic 4.4.230)
[    0.000000] Command line: BOOT_IMAGE=/boot/vmlinuz-4.4.0-187-generic root=LABEL=cloudimg-rootfs ro console=tty1 console=ttyS0
[    0.000000] KERNEL supported cpus:
[    0.000000]   Intel GenuineIntel
[    0.000000]   AMD AuthenticAMD
[    0.000000]   Centaur CentaurHauls
[    0.000000] x86/fpu: xstate_offset[2]:  576, xstate_sizes[2]:  256
[    0.000000] x86/fpu: Supporting XSAVE feature 0x01: 'x87 floating point registers'
[    0.000000] x86/fpu: Supporting XSAVE feature 0x02: 'SSE registers'
[    0.000000] x86/fpu: Supporting XSAVE feature 0x04: 'AVX registers'
[    0.000000] x86/fpu: Enabled xstate features 0x7, context size is 832 bytes, using 'standard' format.
[    0.000000] e820: BIOS-provided physical RAM map:
[    0.000000] BIOS-e820: [mem 0x0000000000000000-0x000000000009fbff] usable
[    0.000000] BIOS-e820: [mem 0x000000000009fc00-0x000000000009ffff] reserved
[    0.000000] BIOS-e820: [mem 0x00000000000f0000-0x00000000000fffff] reserved
[    0.000000] BIOS-e820: [mem 0x0000000000100000-0x000000001ffeffff] usable
[    0.000000] BIOS-e820: [mem 0x000000001fff0000-0x000000001fffffff] ACPI data
[    0.000000] BIOS-e820: [mem 0x00000000fec00000-0x00000000fec00fff] reserved
[    0.000000] BIOS-e820: [mem 0x00000000fee00000-0x00000000fee00fff] reserved
[    0.000000] BIOS-e820: [mem 0x00000000fffc0000-0x00000000ffffffff] reserved
[    0.000000] NX (Execute Disable) protection: active
[    0.000000] SMBIOS 2.5 present.
[    0.000000] Hypervisor detected: KVM
[    0.000000] e820: last_pfn = 0x1fff0 max_arch_pfn = 0x400000000
[    0.000000] MTRR: Disabled
[    0.000000] x86/PAT: MTRRs disabled, skipping PAT initialization too.
[    0.000000] CPU MTRRs all blank - virtualized system.
[    0.000000] x86/PAT: Configuration [0-7]: WB  WT  UC- UC  WB  WT  UC- UC  
[    0.000000] found SMP MP-table at [mem 0x0009fff0-0x0009ffff] mapped at [ffff88000009fff0]
[    0.000000] Scanning 1 areas for low memory corruption
[    0.000000] RAMDISK: [mem 0x1e883000-0x1f70bfff]
[    0.000000] ACPI: Early table checksum verification disabled
[    0.000000] ACPI: RSDP 0x00000000000E0000 000024 (v02 VBOX  )
[    0.000000] ACPI: XSDT 0x000000001FFF0030 00003C (v01 VBOX   VBOXXSDT 00000001 ASL  00000061)
[    0.000000] ACPI: FACP 0x000000001FFF00F0 0000F4 (v04 VBOX   VBOXFACP 00000001 ASL  00000061)
[    0.000000] ACPI: DSDT 0x000000001FFF0470 002325 (v02 VBOX   VBOXBIOS 00000002 INTL 20100528)
[    0.000000] ACPI: FACS 0x000000001FFF0200 000040
[    0.000000] ACPI: FACS 0x000000001FFF0200 000040
[    0.000000] ACPI: APIC 0x000000001FFF0240 00005C (v02 VBOX   VBOXAPIC 00000001 ASL  00000061)
[    0.000000] ACPI: SSDT 0x000000001FFF02A0 0001CC (v01 VBOX   VBOXCPUT 00000002 INTL 20100528)
[    0.000000] No NUMA configuration found
[    0.000000] Faking a node at [mem 0x0000000000000000-0x000000001ffeffff]
[    0.000000] NODE_DATA(0) allocated [mem 0x1ffeb000-0x1ffeffff]
[    0.000000] kvm-clock: Using msrs 4b564d01 and 4b564d00
[    0.000000] kvm-clock: cpu 0, msr 0:1ffe3001, primary cpu clock
[    0.000000] kvm-clock: using sched offset of 3604091089 cycles
[    0.000000] clocksource: kvm-clock: mask: 0xffffffffffffffff max_cycles: 0x1cd42e4dffb, max_idle_ns: 881590591483 ns
[    0.000000] Zone ranges:
[    0.000000]   DMA      [mem 0x0000000000001000-0x0000000000ffffff]
[    0.000000]   DMA32    [mem 0x0000000001000000-0x000000001ffeffff]
[    0.000000]   Normal   empty
[    0.000000]   Device   empty
[    0.000000] Movable zone start for each node
[    0.000000] Early memory node ranges
[    0.000000]   node   0: [mem 0x0000000000001000-0x000000000009efff]
[    0.000000]   node   0: [mem 0x0000000000100000-0x000000001ffeffff]
[    0.000000] Initmem setup node 0 [mem 0x0000000000001000-0x000000001ffeffff]
[    0.000000] ACPI: PM-Timer IO Port: 0x4008
[    0.000000] IOAPIC[0]: apic_id 2, version 32, address 0xfec00000, GSI 0-23
[    0.000000] ACPI: INT_SRC_OVR (bus 0 bus_irq 0 global_irq 2 dfl dfl)
[    0.000000] ACPI: INT_SRC_OVR (bus 0 bus_irq 9 global_irq 9 low level)
[    0.000000] Using ACPI (MADT) for SMP configuration information
[    0.000000] smpboot: Allowing 2 CPUs, 0 hotplug CPUs
[    0.000000] PM: Registered nosave memory: [mem 0x00000000-0x00000fff]
[    0.000000] PM: Registered nosave memory: [mem 0x0009f000-0x0009ffff]
[    0.000000] PM: Registered nosave memory: [mem 0x000a0000-0x000effff]
[    0.000000] PM: Registered nosave memory: [mem 0x000f0000-0x000fffff]
[    0.000000] e820: [mem 0x20000000-0xfebfffff] available for PCI devices
[    0.000000] Booting paravirtualized kernel on KVM
[    0.000000] clocksource: refined-jiffies: mask: 0xffffffff max_cycles: 0xffffffff, max_idle_ns: 7645519600211568 ns
[    0.000000] setup_percpu: NR_CPUS:512 nr_cpumask_bits:512 nr_cpu_ids:2 nr_node_ids:1
[    0.000000] PERCPU: Embedded 33 pages/cpu @ffff88001fc00000 s95512 r8192 d31464 u1048576
[    0.000000] Built 1 zonelists in Node order, mobility grouping on.  Total pages: 128888
[    0.000000] Policy zone: DMA32
[    0.000000] Kernel command line: BOOT_IMAGE=/boot/vmlinuz-4.4.0-187-generic root=LABEL=cloudimg-rootfs ro console=tty1 console=ttyS0
[    0.000000] PID hash table entries: 2048 (order: 2, 16384 bytes)
[    0.000000] Memory: 481580K/523832K available (8636K kernel code, 1337K rwdata, 4040K rodata, 1492K init, 1296K bss, 42252K reserved, 0K cma-reserved)
[    0.000000] SLUB: HWalign=64, Order=0-3, MinObjects=0, CPUs=2, Nodes=1
[    0.000000] Kernel/User page tables isolation: enabled
[    0.000000] Hierarchical RCU implementation.
[    0.000000] 	Build-time adjustment of leaf fanout to 64.
[    0.000000] 	RCU restricting CPUs from NR_CPUS=512 to nr_cpu_ids=2.
[    0.000000] RCU: Adjusting geometry for rcu_fanout_leaf=64, nr_cpu_ids=2
[    0.000000] NR_IRQS:33024 nr_irqs:440 16
[    0.000000] Console: colour VGA+ 80x25
[    0.000000] console [tty1] enabled
[    0.000000] console [ttyS0] enabled
[    0.000000] tsc: Detected 2711.998 MHz processor
[    0.123555] Calibrating delay loop (skipped) preset value.. 5423.99 BogoMIPS (lpj=10847992)
[    0.125922] pid_max: default: 32768 minimum: 301
[    0.126953] ACPI: Core revision 20150930
[    0.128399] ACPI: 2 ACPI AML tables successfully acquired and loaded
[    0.129646] Security Framework initialized
[    0.130432] Yama: becoming mindful.
[    0.131326] AppArmor: AppArmor initialized
[    0.133754] Dentry cache hash table entries: 65536 (order: 7, 524288 bytes)
[    0.136114] Inode-cache hash table entries: 32768 (order: 6, 262144 bytes)
[    0.137411] Mount-cache hash table entries: 1024 (order: 1, 8192 bytes)
[    0.138851] Mountpoint-cache hash table entries: 1024 (order: 1, 8192 bytes)
[    0.140255] Initializing cgroup subsys io
[    0.141029] Initializing cgroup subsys memory
[    0.141859] Initializing cgroup subsys devices
[    0.142853] Initializing cgroup subsys freezer
[    0.143845] Initializing cgroup subsys net_cls
[    0.144650] Initializing cgroup subsys perf_event
[    0.145577] Initializing cgroup subsys net_prio
[    0.146476] Initializing cgroup subsys hugetlb
[    0.147601] Initializing cgroup subsys pids
[    0.149988] mce: CPU supports 0 MCE banks
[    0.150820] Last level iTLB entries: 4KB 64, 2MB 8, 4MB 8
[    0.151793] Last level dTLB entries: 4KB 64, 2MB 0, 4MB 0, 1GB 4
[    0.152889] Spectre V1 : Mitigation: usercopy/swapgs barriers and __user pointer sanitization
[    0.154653] Spectre V2 : Mitigation: Full generic retpoline
[    0.155620] Spectre V2 : Spectre v2 / SpectreRSB mitigation: Filling RSB on context switch
[    0.157106] Speculative Store Bypass: Vulnerable
[    0.157938] SRBDS: Unknown: Dependent on hypervisor status
[    0.158987] MDS: Mitigation: Clear CPU buffers
[    0.161892] Freeing SMP alternatives memory: 36K
[    0.167686] ftrace: allocating 32337 entries in 127 pages
[    0.213626] smpboot: APIC(0) Converting physical 0 to logical package 0
[    0.215515] smpboot: Max logical packages: 1
[    0.216531] x2apic enabled
[    0.217556] Switched APIC routing to physical x2apic.
[    0.219436] ..TIMER: vector=0x30 apic1=0 pin1=2 apic2=-1 pin2=-1
[    0.328614] smpboot: CPU0: Intel(R) Core(TM) i7-8559U CPU @ 2.70GHz (family: 0x6, model: 0x8e, stepping: 0xa)
[    0.331427] Performance Events: unsupported p6 CPU model 142 no PMU driver, software events only.
[    0.342744] KVM setup paravirtual spinlock
[    0.344815] x86: Booting SMP configuration:
[    0.346136] .... node  #0, CPUs:      #1
[    0.347216] kvm-clock: cpu 1, msr 0:1ffe3041, secondary cpu clock
[    0.350587] mce: CPU supports 0 MCE banks
[    0.353567] x86: Booted up 1 node, 2 CPUs
[    0.354777] smpboot: Total of 2 processors activated (10847.99 BogoMIPS)
[    0.356807] devtmpfs: initialized
[    0.358610] evm: security.selinux
[    0.359248] evm: security.SMACK64
[    0.359907] evm: security.SMACK64EXEC
[    0.360587] evm: security.SMACK64TRANSMUTE
[    0.361345] evm: security.SMACK64MMAP
[    0.362025] evm: security.ima
[    0.362948] evm: security.capability
[    0.363945] clocksource: jiffies: mask: 0xffffffff max_cycles: 0xffffffff, max_idle_ns: 7645041785100000 ns
[    0.365644] futex hash table entries: 512 (order: 3, 32768 bytes)
[    0.367197] pinctrl core: initialized pinctrl subsystem
[    0.368741] RTC time:  8:50:43, date: 09/02/20
[    0.370243] NET: Registered protocol family 16
[    0.380838] cpuidle: using governor ladder
[    0.393530] cpuidle: using governor menu
[    0.394380] PCCT header not found.
[    0.395101] ACPI: bus type PCI registered
[    0.395864] acpiphp: ACPI Hot Plug PCI Controller Driver version: 0.5
[    0.397255] PCI: Using configuration type 1 for base access
[    0.409764] ACPI: Added _OSI(Module Device)
[    0.410700] ACPI: Added _OSI(Processor Device)
[    0.411519] ACPI: Added _OSI(3.0 _SCP Extensions)
[    0.412366] ACPI: Added _OSI(Processor Aggregator Device)
[    0.413989] ACPI: Executed 1 blocks of module-level executable AML code
[    0.417635] ACPI: Interpreter enabled
[    0.418377] ACPI: (supports S0 S5)
[    0.419042] ACPI: Using IOAPIC for interrupt routing
[    0.420069] PCI: Using host bridge windows from ACPI; if necessary, use "pci=nocrs" and report a bug
[    0.425287] ACPI: PCI Root Bridge [PCI0] (domain 0000 [bus 00-ff])
[    0.426819] acpi PNP0A03:00: _OSC: OS supports [ASPM ClockPM Segments MSI]
[    0.428230] acpi PNP0A03:00: _OSC: not requesting OS control; OS requires [ExtendedConfig ASPM ClockPM MSI]
[    0.430001] acpi PNP0A03:00: fail to add MMCONFIG information, can't access extended PCI configuration space under this bridge.
[    0.432319] PCI host bridge to bus 0000:00
[    0.433262] pci_bus 0000:00: root bus resource [io  0x0000-0x0cf7 window]
[    0.434921] pci_bus 0000:00: root bus resource [io  0x0d00-0xffff window]
[    0.436193] pci_bus 0000:00: root bus resource [mem 0x000a0000-0x000bffff window]
[    0.437601] pci_bus 0000:00: root bus resource [mem 0x20000000-0xfdffffff window]
[    0.439056] pci_bus 0000:00: root bus resource [bus 00-ff]
[    0.442004] pci 0000:00:01.1: legacy IDE quirk: reg 0x10: [io  0x01f0-0x01f7]
[    0.443218] pci 0000:00:01.1: legacy IDE quirk: reg 0x14: [io  0x03f6]
[    0.444298] pci 0000:00:01.1: legacy IDE quirk: reg 0x18: [io  0x0170-0x0177]
[    0.452046] pci 0000:00:01.1: legacy IDE quirk: reg 0x1c: [io  0x0376]
[    0.463133] pci 0000:00:07.0: quirk: [io  0x4000-0x403f] claimed by PIIX4 ACPI
[    0.465076] pci 0000:00:07.0: quirk: [io  0x4100-0x410f] claimed by PIIX4 SMB
[    0.471448] ACPI: PCI Interrupt Link [LNKA] (IRQs 5 9 10 *11)
[    0.472916] ACPI: PCI Interrupt Link [LNKB] (IRQs 5 9 *10 11)
[    0.474244] ACPI: PCI Interrupt Link [LNKC] (IRQs 5 *9 10 11)
[    0.475629] ACPI: PCI Interrupt Link [LNKD] (IRQs 5 9 10 *11)
[    0.476951] ACPI: Enabled 2 GPEs in block 00 to 07
[    0.478406] vgaarb: setting as boot device: PCI:0000:00:02.0
[    0.479802] vgaarb: device added: PCI:0000:00:02.0,decodes=io+mem,owns=io+mem,locks=none
[    0.481596] vgaarb: loaded
[    0.482175] vgaarb: bridge control possible 0000:00:02.0
[    0.483322] SCSI subsystem initialized
[    0.484120] ACPI: bus type USB registered
[    0.484952] usbcore: registered new interface driver usbfs
[    0.486286] usbcore: registered new interface driver hub
[    0.487250] usbcore: registered new device driver usb
[    0.488462] PCI: Using ACPI for IRQ routing
[    0.489962] NetLabel: Initializing
[    0.490624] NetLabel:  domain hash size = 128
[    0.491480] NetLabel:  protocols = UNLABELED CIPSOv4
[    0.492745] NetLabel:  unlabeled traffic allowed by default
[    0.494141] amd_nb: Cannot enumerate AMD northbridges
[    0.495071] clocksource: Switched to clocksource kvm-clock
[    0.500649] AppArmor: AppArmor Filesystem Enabled
[    0.501539] pnp: PnP ACPI init
[    0.503046] pnp: PnP ACPI: found 3 devices
[    0.511513] clocksource: acpi_pm: mask: 0xffffff max_cycles: 0xffffff, max_idle_ns: 2085701024 ns
[    0.513585] NET: Registered protocol family 2
[    0.514489] TCP established hash table entries: 4096 (order: 3, 32768 bytes)
[    0.515725] TCP bind hash table entries: 4096 (order: 4, 65536 bytes)
[    0.516917] TCP: Hash tables configured (established 4096 bind 4096)
[    0.517976] UDP hash table entries: 256 (order: 1, 8192 bytes)
[    0.518953] UDP-Lite hash table entries: 256 (order: 1, 8192 bytes)
[    0.520615] NET: Registered protocol family 1
[    0.521828] pci 0000:00:00.0: Limiting direct PCI/PCI transfers
[    0.522953] pci 0000:00:01.0: Activating ISA DMA hang workarounds
[    0.524709] Unpacking initramfs...
[    0.695709] Freeing initrd memory: 14884K
[    0.697439] clocksource: tsc: mask: 0xffffffffffffffff max_cycles: 0x27178451938, max_idle_ns: 440795251172 ns
[    0.699921] platform rtc_cmos: registered platform RTC device (no PNP device found)
[    0.701362] Scanning for low memory corruption every 60 seconds
[    0.702656] audit: initializing netlink subsys (disabled)
[    0.704259] audit: type=2000 audit(1599036649.508:1): initialized
[    0.705517] Initialise system trusted keyring
[    0.706467] HugeTLB registered 2 MB page size, pre-allocated 0 pages
[    0.708497] zbud: loaded
[    0.709289] VFS: Disk quotas dquot_6.6.0
[    0.710050] VFS: Dquot-cache hash table entries: 512 (order 0, 4096 bytes)
[    0.711388] squashfs: version 4.0 (2009/01/31) Phillip Lougher
[    0.712603] fuse init (API version 7.23)
[    0.713452] Key type big_key registered
[    0.714172] Allocating IMA MOK and blacklist keyrings.
[    0.716114] Key type asymmetric registered
[    0.717465] Asymmetric key parser 'x509' registered
[    0.718550] Block layer SCSI generic (bsg) driver version 0.4 loaded (major 249)
[    0.720085] io scheduler noop registered
[    0.721044] io scheduler deadline registered (default)
[    0.722090] io scheduler cfq registered
[    0.723169] pci_hotplug: PCI Hot Plug PCI Core version: 0.5
[    0.724215] pciehp: PCI Express Hot Plug Controller Driver version: 0.4
[    0.725712] ACPI: AC Adapter [AC] (off-line)
[    0.727056] input: Power Button as /devices/LNXSYSTM:00/LNXPWRBN:00/input/input0
[    0.728550] ACPI: Power Button [PWRF]
[    0.729311] input: Sleep Button as /devices/LNXSYSTM:00/LNXSLPBN:00/input/input1
[    0.730722] ACPI: Sleep Button [SLPF]
[    0.731621] GHES: HEST is not enabled!
[    0.732567] ACPI: Battery Slot [BAT0] (battery present)
[    0.733937] Serial: 8250/16550 driver, 32 ports, IRQ sharing enabled
[    0.755537] 00:02: ttyS0 at I/O 0x3f8 (irq = 4, base_baud = 115200) is a 16550A
[    0.759538] Linux agpgart interface v0.103
[    0.762526] loop: module loaded
[    0.765997] scsi host0: ata_piix
[    0.767232] scsi host1: ata_piix
[    0.768136] ata1: PATA max UDMA/33 cmd 0x1f0 ctl 0x3f6 bmdma 0xd000 irq 14
[    0.769547] ata2: PATA max UDMA/33 cmd 0x170 ctl 0x376 bmdma 0xd008 irq 15
[    0.771331] libphy: Fixed MDIO Bus: probed
[    0.772131] tun: Universal TUN/TAP device driver, 1.6
[    0.773165] tun: (C) 1999-2004 Max Krasnyansky <maxk@qualcomm.com>
[    0.774457] PPP generic driver version 2.4.2
[    0.775380] ehci_hcd: USB 2.0 'Enhanced' Host Controller (EHCI) Driver
[    0.776531] ehci-pci: EHCI PCI platform driver
[    0.777367] ehci-platform: EHCI generic platform driver
[    0.778300] ohci_hcd: USB 1.1 'Open' Host Controller (OHCI) Driver
[    0.779363] ohci-pci: OHCI PCI platform driver
[    0.780241] ohci-platform: OHCI generic platform driver
[    0.781319] uhci_hcd: USB Universal Host Controller Interface driver
[    0.783264] i8042: PNP: PS/2 Controller [PNP0303:PS2K,PNP0f03:PS2M] at 0x60,0x64 irq 1,12
[    0.786187] serio: i8042 KBD port at 0x60,0x64 irq 1
[    0.787101] serio: i8042 AUX port at 0x60,0x64 irq 12
[    0.788298] mousedev: PS/2 mouse device common for all mice
[    0.789584] input: AT Translated Set 2 keyboard as /devices/platform/i8042/serio0/input/input2
[    0.791513] rtc_cmos rtc_cmos: rtc core: registered rtc_cmos as rtc0
[    0.792635] rtc_cmos rtc_cmos: alarms up to one day, 114 bytes nvram
[    0.793727] i2c /dev entries driver
[    0.794475] device-mapper: uevent: version 1.0.3
[    0.795467] device-mapper: ioctl: 4.34.0-ioctl (2015-10-28) initialised: dm-devel@redhat.com
[    0.796997] ledtrig-cpu: registered to indicate activity on CPUs
[    0.798326] NET: Registered protocol family 10
[    0.799304] NET: Registered protocol family 17
[    0.800155] Key type dns_resolver registered
[    0.801265] registered taskstats version 1
[    0.802041] Loading compiled-in X.509 certificates
[    0.803344] Loaded X.509 cert 'Build time autogenerated kernel key: f06b7227f29f55afa9b8968d1b82289d30ebc7c3'
[    0.805091] zswap: loaded using pool lzo/zbud
[    0.807514] Key type trusted registered
[    0.810927] Key type encrypted registered
[    0.811722] AppArmor: AppArmor sha1 policy hashing enabled
[    0.812690] ima: No TPM chip found, activating TPM-bypass!
[    0.813648] ima: Allocated hash algorithm: sha1
[    0.814479] evm: HMAC attrs: 0x1
[    0.815456]   Magic number: 4:801:825
[    0.816220] rtc_cmos rtc_cmos: setting system clock to 2020-09-02 08:50:44 UTC (1599036644)
[    0.817886] BIOS EDD facility v0.16 2004-Jun-25, 0 devices found
[    0.818925] EDD information not available.
[    0.952214] Freeing unused kernel memory: 1492K
[    0.953522] Write protecting the kernel read-only data: 14336k
[    0.955638] Freeing unused kernel memory: 1592K
[    0.956930] Freeing unused kernel memory: 56K
Loading, please wait...
starting version 229
[    0.970515] random: systemd-udevd: uninitialized urandom read (16 bytes read, 3 bits of entropy available)
[    0.972032] random: udevadm: uninitialized urandom read (16 bytes read, 3 bits of entropy available)
[    0.972050] random: udevadm: uninitialized urandom read (16 bytes read, 3 bits of entropy available)
[    0.978215] random: systemd-udevd: uninitialized urandom read (16 bytes read, 3 bits of entropy available)
[    0.979171] random: udevadm: uninitialized urandom read (16 bytes read, 3 bits of entropy available)
[    0.979207] random: udevadm: uninitialized urandom read (16 bytes read, 3 bits of entropy available)
[    0.979314] random: udevadm: uninitialized urandom read (16 bytes read, 3 bits of entropy available)
[    0.979353] random: udevadm: uninitialized urandom read (16 bytes read, 3 bits of entropy available)
[    0.979392] random: udevadm: uninitialized urandom read (16 bytes read, 3 bits of entropy available)
[    0.979433] random: udevadm: uninitialized urandom read (16 bytes read, 3 bits of entropy available)
[    1.019465] e1000: Intel(R) PRO/1000 Network Driver - version 7.3.21-k8-NAPI
[    1.021327] e1000: Copyright (c) 1999-2006 Intel Corporation.
[    1.023177] Fusion MPT base driver 3.04.20
[    1.024538] Copyright (c) 1999-2008 LSI Corporation
[    1.039723] Fusion MPT SPI Host driver 3.04.20
[    1.045390] AVX2 version of gcm_enc/dec engaged.
[    1.046560] AES CTR mode by8 optimization enabled
[    1.254271] input: ImExPS/2 Generic Explorer Mouse as /devices/platform/i8042/serio1/input/input4
[    1.397465] e1000 0000:00:03.0 eth0: (PCI:33MHz:32-bit) 02:98:c6:81:17:55
[    1.399072] e1000 0000:00:03.0 eth0: Intel(R) PRO/1000 Network Connection
[    1.401061] mptbase: ioc0: Initiating bringup
[    2.615342] ioc0: LSI53C1030 A0: Capabilities={Initiator}
[    5.389806] scsi host2: ioc0: LSI53C1030 A0, FwRev=00000000h, Ports=1, MaxQ=256, IRQ=20
[    7.431542] scsi 2:0:0:0: Direct-Access     VBOX     HARDDISK         1.0  PQ: 0 ANSI: 5
[    7.434051] scsi target2:0:0: Beginning Domain Validation
[    7.437602] scsi target2:0:0: Domain Validation skipping write tests
[    7.439152] scsi target2:0:0: Ending Domain Validation
[    7.440487] scsi target2:0:0: asynchronous
[    7.442933] scsi 2:0:1:0: Direct-Access     VBOX     HARDDISK         1.0  PQ: 0 ANSI: 5
[    7.444970] scsi target2:0:1: Beginning Domain Validation
[    7.447508] scsi target2:0:1: Domain Validation skipping write tests
[    7.448743] scsi target2:0:1: Ending Domain Validation
[    7.449802] scsi target2:0:1: asynchronous
[    7.475912] sd 2:0:0:0: Attached scsi generic sg0 type 0
[    7.477243] sd 2:0:0:0: [sda] 20971520 512-byte logical blocks: (10.7 GB/10.0 GiB)
[    7.478875] sd 2:0:1:0: Attached scsi generic sg1 type 0
[    7.480484] sd 2:0:1:0: [sdb] 20480 512-byte logical blocks: (10.5 MB/10.0 MiB)
[    7.482413] sd 2:0:0:0: [sda] Write Protect is off
[    7.484153] sd 2:0:1:0: [sdb] Write Protect is off
[    7.485408] sd 2:0:1:0: [sdb] Incomplete mode parameter data
[    7.486660] sd 2:0:1:0: [sdb] Assuming drive cache: write through
[    7.488110] sd 2:0:0:0: [sda] Incomplete mode parameter data
[    7.489549] sd 2:0:0:0: [sda] Assuming drive cache: write through
[    7.496640]  sda: sda1
[    7.498143] sd 2:0:1:0: [sdb] Attached SCSI disk
[    7.500598] sd 2:0:0:0: [sda] Attached SCSI disk
[    7.968716] e1000 0000:00:08.0 eth1: (PCI:33MHz:32-bit) 08:00:27:10:af:7c
[    7.969994] e1000 0000:00:08.0 eth1: Intel(R) PRO/1000 Network Connection
[    7.972139] e1000 0000:00:03.0 enp0s3: renamed from eth0
[    7.983724] e1000 0000:00:08.0 enp0s8: renamed from eth1
Begin: Loading essential drivers ... [    9.280713] md: linear personality registered for level -1
[    9.285179] md: multipath personality registered for level -4
[    9.289794] md: raid0 personality registered for level 0
[    9.296279] md: raid1 personality registered for level 1
[    9.367147] raid6: sse2x1   gen() 11130 MB/s
[    9.436114] raid6: sse2x1   xor()  8981 MB/s
[    9.504145] raid6: sse2x2   gen() 14593 MB/s
[    9.571412] raid6: sse2x2   xor() 10656 MB/s
[    9.639656] raid6: sse2x4   gen() 14737 MB/s
[    9.709494] raid6: sse2x4   xor() 13614 MB/s
[    9.775358] raid6: avx2x1   gen() 23387 MB/s
[    9.843487] raid6: avx2x2   gen() 30487 MB/s
[    9.913556] raid6: avx2x4   gen() 35376 MB/s
[    9.915301] raid6: using algorithm avx2x4 gen() 35376 MB/s
[    9.916860] raid6: using avx2x2 recovery algorithm
[    9.918824] xor: automatically using best checksumming function:
[    9.959128]    avx       : 33463.000 MB/sec
[    9.961347] async_tx: api initialized (async)
[    9.970612] md: raid6 personality registered for level 6
[    9.972117] md: raid5 personality registered for level 5
[    9.973111] md: raid4 personality registered for level 4
[    9.979841] md: raid10 personality registered for level 10
done.
Begin: Running /scripts/init-premount ... done.
Begin: Mounting root file system ... Begin: Running /scripts/local-top ... done.
Begin: Running /scripts/local-premount ... [   10.001710] Btrfs loaded
Scanning for Btrfs filesystems
done.
Warning: fsck not present, so skipping root file system
[   10.029838] EXT4-fs (sda1): mounted filesystem with ordered data mode. Opts: (null)
done.
Begin: Running /scripts/local-bottom ... done.
Begin: Running /scripts/init-bottom ... done.
[   10.116350] systemd[1]: systemd 229 running in system mode. (+PAM +AUDIT +SELINUX +IMA +APPARMOR +SMACK +SYSVINIT +UTMP +LIBCRYPTSETUP +GCRYPT +GNUTLS +ACL +XZ -LZ4 +SECCOMP +BLKID +ELFUTILS +KMOD -IDN)
[   10.119633] systemd[1]: Detected virtualization oracle.
[   10.120657] systemd[1]: Detected architecture x86-64.

Welcome to [1mUbuntu 16.04.7 LTS[0m!

[   10.124593] systemd[1]: Set hostname to <ubuntu>.
[   10.127980] systemd[1]: Initializing machine ID from random generator.
[   10.129165] systemd[1]: Installed transient /etc/machine-id file.
[   10.250041] systemd[1]: Created slice System Slice.
[[0;32m  OK  [0m] Created slice System Slice.
[   10.252023] systemd[1]: Listening on /dev/initctl Compatibility Named Pipe.
[[0;32m  OK  [0m] Listening on /dev/initctl Compatibility Named Pipe.
[   10.254695] systemd[1]: Listening on Device-mapper event daemon FIFOs.
[[0;32m  OK  [0m] Listening on Device-mapper event daemon FIFOs.
[   10.257365] systemd[1]: Reached target User and Group Name Lookups.
[[0;32m  OK  [0m] Reached target User and Group Name Lookups.
[   10.259492] systemd[1]: Reached target Swap.
[[0;32m  OK  [0m] Reached target Swap.
[   10.261300] systemd[1]: Created slice system-serial\x2dgetty.slice.
[[0;32m  OK  [0m] Created slice system-serial\x2dgetty.slice.
[   10.263476] systemd[1]: Listening on Journal Audit Socket.
[[0;32m  OK  [0m] Listening on Journal Audit Socket.
[   10.265371] systemd[1]: Reached target Encrypted Volumes.
[[0;32m  OK  [0m] Reached target Encrypted Volumes.
[   10.267266] systemd[1]: Reached target System Time Synchronized.
[[0;32m  OK  [0m] Reached target System Time Synchronized.
[   10.269379] systemd[1]: Listening on LVM2 metadata daemon socket.
[[0;32m  OK  [0m] Listening on LVM2 metadata daemon socket.
[   10.271538] systemd[1]: Listening on Journal Socket (/dev/log).
[[0;32m  OK  [0m] Listening on Journal Socket (/dev/log).
[   10.274705] systemd[1]: Listening on Syslog Socket.
[[0;32m  OK  [0m] Listening on Syslog Socket.
[   10.276572] systemd[1]: Started Trigger resolvconf update for networkd DNS.
[[0;32m  OK  [0m] Started Trigger resolvconf update for networkd DNS.
[   10.278819] systemd[1]: Started Forward Password Requests to Wall Directory Watch.
[[0;32m  OK  [0m] Started Forward Password Requests to Wall Directory Watch.
[   10.281467] systemd[1]: Set up automount Arbitrary Executable File Formats File System Automount Point.
[[0;32m  OK  [0m] Set up automount Arbitrary Executab...ats File System Automount Point.
[   10.379111] systemd[1]: Listening on Journal Socket.
[[0;32m  OK  [0m] Listening on Journal Socket.
[   10.391911] systemd[1]: Starting Create list of required static device nodes for the current kernel...
         Starting Create list of required st... nodes for the current kernel...
[   10.396910] systemd[1]: Starting Monitoring of LVM2 mirrors, snapshots etc. using dmeventd or progress polling...
         Starting Monitoring of LVM2 mirrors... dmeventd or progress polling...
[   10.407894] systemd[1]: Mounting POSIX Message Queue File System...
         Mounting POSIX Message Queue File System...
[   10.412257] systemd[1]: Starting Load Kernel Modules...
         Starting Load Kernel Modules...
[   10.415891] systemd[1]: Starting Uncomplicated firewall...
         Starting Uncomplicated firewall...
[   10.418643] systemd[1]: Mounting Huge Pages File System...
         Mounting Huge Pages File System...
[   10.424100] systemd[1]: Starting Journal Service...
         Starting Journal Service...
[   10.426967] systemd[1]: Starting Set console keymap...
         Starting Set console keymap...
[   10.430781] systemd[1]: Starting Nameserver information manager...
[   10.432860] Loading iSCSI transport class v2.0-870.
         Starting Nameserver information manager...
[   10.436356] systemd[1]: Listening on LVM2 poll daemon socket.
[[0;32m  OK  [0m] Listening on LVM2 poll daemon socket.
[   10.438632] systemd[1]: Listening on udev Control Socket.
[[0;32m  OK  [0m] Listening on udev Control Socket.
[   10.441680] systemd[1]: Mounting Debug File System...
         Mounting Debug File System...
[   10.444267] systemd[1]: Created slice User and Session Slice.
[[0;32m  OK  [0m] Created slice User and Session Slice.
[   10.446390] systemd[1]: Listening on udev Kernel Socket.
[[0;32m  OK  [0m] Listening on udev Kernel Socket.
[   10.448777] systemd[1]: Reached target Slices.
[[0;32m  OK  [0m] Reached target Slices.
[   10.455836] systemd[1]: Starting Remount Root and Kernel File Systems...
         Starting Remount Root and Kernel File Systems...
[   10.461956] iscsi: registered transport (tcp)
[   10.462468] systemd[1]: Mounted Huge Pages File System.
   10.464574] EXT4-fs (sda1): re-mounted. Opts: (null)
[[0;32m  OK  [0m] Mounted Huge Pages File System.
[   10.466254] systemd[1]: Mounted POSIX Message Queue File System.
[[0;32m  OK  [0m] Mounted POSIX Message Queue File System.
[   10.468685] systemd[1]: Mounted Debug File System.
[[0;32m  OK  [0m] Mounted Debug File System.
[   10.475976] systemd[1]: Started Journal Service.
[[0;32m  OK  [0m] Started Journal Service.
[[0;32m  OK  [0m] Started Create list of required sta...ce nodes for the current kernel.
[[0;32m  OK  [0m] Started Uncomplicated firewall.
[   10.494457] iscsi: registered transport (iser)
[[0;32m  OK  [0m] Started Load Kernel Modules.
[[0;32m  OK  [0m] Started Set console keymap.
[[0;32m  OK  [0m] Started Remount Root and Kernel File Systems.
[[0;32m  OK  [0m] Started Nameserver information manager.
[[0;32m  OK  [0m] Started LVM2 metadata daemon.
         Starting udev Coldplug all Devices...
         Starting Load/Save Random Seed...
         Mounting FUSE Control File System...
         Starting Apply Kernel Variables...
         Starting Create Static Device Nodes in /dev...
         Starting Flush Journal to Persistent Storage...
[[0;32m  OK  [0m] Mounted FUSE Control File System.
[[0;32m  OK  [0m] Started Load/Save Random Seed.
[[0;32m  OK  [0m] Started Apply Kernel Variables.
[[0;32m  OK  [0m] Started Create Static Device Nodes in /dev.
         Starting udev Kernel Device Manager...
[[0;32m  OK  [0m] Started Flush Journal to Persistent Storage.
[[0;32m  OK  [0m] Started udev Coldplug all Devices.
[[0;32m  OK  [0m] Started udev Kernel Device Manager.
[[0;32m  OK  [0m] Started Dispatch Password Requests to Console Directory Watch.
[[0;32m  OK  [0m] Found device /dev/ttyS0.
[[0;32m  OK  [0m] Listening on Load/Save RF Kill Switch Status /dev/rfkill Watch.
[[0;32m  OK  [0m] Started Monitoring of LVM2 mirrors,...ng dmeventd or progress polling.
[[0;32m  OK  [0m] Reached target Local File Systems (Pre).
[[0;32m  OK  [0m] Reached target Local File Systems.
         Starting Initial cloud-init job (pre-networking)...
         Starting Tell Plymouth To Write Out Runtime Data...
         Starting LSB: AppArmor initialization...
         Starting Commit a transient machine-id on disk...
         Starting Set console font and keymap...
         Starting Create Volatile Files and Directories...
[[0;32m  OK  [0m] Started Create Volatile Files and Directories.
[[0;32m  OK  [0m] Started Tell Plymouth To Write Out Runtime Data.
[[0;32m  OK  [0m] Started Commit a transient machine-id on disk.
         Starting Update UTMP about System Boot/Shutdown...
[[0;32m  OK  [0m] Started Update UTMP about System Boot/Shutdown.
[[0;32m  OK  [0m] Started Set console font and keymap.
[[0;32m  OK  [0m] Created slice system-getty.slice.
[[0;32m  OK  [0m] Started LSB: AppArmor initialization.
         Starting Load AppArmor profiles managed internally by snapd...
[   11.852495] cloud-init[605]: Cloud-init v. 20.2-45-g5f7825e2-0ubuntu1~16.04.1 running 'init-local' at Wed, 02 Sep 2020 08:50:55 +0000. Up 11.47 seconds.
[[0;32m  OK  [0m] Started Load AppArmor profiles managed internally by snapd.
[[0;32m  OK  [0m] Started Initial cloud-init job (pre-networking).
[[0;32m  OK  [0m] Reached target Network (Pre).
         Starting Raise network interfaces...
[[0;32m  OK  [0m] Started Raise network interfaces.
[[0;32m  OK  [0m] Reached target Network.
         Starting Initial cloud-init job (metadata service crawler)...
[   12.698299] cloud-init[969]: Cloud-init v. 20.2-45-g5f7825e2-0ubuntu1~16.04.1 running 'init' at Wed, 02 Sep 2020 08:50:56 +0000. Up 12.27 seconds.
[   12.704692] cloud-init[969]: ci-info: ++++++++++++++++++++++++++++++++++++++Net device info+++++++++++++++++++++++++++++++++++++++
[   12.705873] cloud-init[969]: ci-info: +--------+-------+----------------------------+---------------+--------+-------------------+
[   12.707194] cloud-init[969]: ci-info: | Device |   Up  |          Address           |      Mask     | Scope  |     Hw-Address    |
[   12.709155] cloud-init[969]: ci-info: +--------+-------+----------------------------+---------------+--------+-------------------+
[   12.716834] cloud-init[969]: ci-info: | enp0s3 |  True |         10.0.2.15          | 255.255.255.0 | global | 02:98:c6:81:17:55 |
[   12.718923] cloud-init[969]: ci-info: | enp0s3 |  True | fe80::98:c6ff:fe81:1755/64 |       .       |  link  | 02:98:c6:81:17:55 |
[   12.728992] cloud-init[969]: ci-info: | enp0s8 | False |             .              |       .       |   .    | 08:00:27:10:af:7c |
[   12.732466] cloud-init[969]: ci-info: |   lo   |  True |         127.0.0.1          |   255.0.0.0   |  host  |         .         |
[   12.735814] cloud-init[969]: ci-info: |   lo   |  True |          ::1/128           |       .       |  host  |         .         |
[   12.738775] cloud-init[969]: ci-info: +--------+-------+----------------------------+---------------+--------+-------------------+
[   12.741639] cloud-init[969]: ci-info: +++++++++++++++++++++++++++Route IPv4 info++++++++++++++++++++++++++++
[   12.744906] cloud-init[969]: ci-info: +-------+-------------+----------+---------------+-----------+-------+
[   12.746841] cloud-init[969]: ci-info: | Route | Destination | Gateway  |    Genmask    | Interface | Flags |
[   12.748669] cloud-init[969]: ci-info: +-------+-------------+----------+---------------+-----------+-------+
[   12.751130] cloud-init[969]: ci-info: |   0   |   0.0.0.0   | 10.0.2.2 |    0.0.0.0    |   enp0s3  |   UG  |
[   12.753772] cloud-init[969]: ci-info: |   1   |   10.0.2.0  | 0.0.0.0  | 255.255.255.0 |   enp0s3  |   U   |
[   12.756171] cloud-init[969]: ci-info: +-------+-------------+----------+---------------+-----------+-------+
[   12.758591] cloud-init[969]: ci-info: +++++++++++++++++++Route IPv6 info+++++++++++++++++++
[   12.760501] [[0;32m  OK  [0m] Started Initial cloud-init job (metadata service crawler).
[[0;32m  OK  [0m] Reached target System Initialization.
[[0;32m  OK  [0m] Started Message of the Day.
[[0;32m  OK  [0m] Listening on UUID daemon activation socket.
[[0;32m  OK  [0m] Started Daily Cleanup of Temporary Directories.
[[0;32m  OK  [0m] Listening on D-Bus System Message Bus Socket.
[[0;32m  OK  [0m] Listening on ACPID Listen Socket.
cloud-init[969]:          Starting LXD - unix socket.
ci-info: +-------+-------------+---------+-----------+-------+
[   12.769646] [[0;32m  OK  [0m] Started ACPI Events Check.
[[0;32m  OK  [0m] Reached target Paths.
[[0;32m  OK  [0m] Started Daily apt download activities.
[[0;32m  OK  [0m] Started Daily apt upgrade and clean activities.
         Starting Socket activation for snappy daemon.
[[0;32m  OK  [0m] Reached target Timers.
[[0;32m  OK  [0m] Reached target Cloud-config availability.
[[0;32m  OK  [0m] Reached target Network is Online.
cloud-init[969]: ci-info: | Route | Destination | Gateway | Interface | Flags |
[   12.778195] cloud-init[969]: ci-info: +-------+-------------+---------+-----------+-------+
[   12.779878] cloud-init[969]: ci-info: |   0   |  fe80::/64  |    ::   |   enp0s3  |   U   |
         Starting iSCSI initiator daemon (iscsid)...
[   12.789212] cloud-init[969]: ci-info: |   3   |   ff00::/8  |    ::   |   enp0s3  |   U   |
[   12.790596] cloud-init[969]: ci-info: +-------+-------------+---------+-----------+-------+
[   12.792016] cloud-init[969]: Generating public/private rsa key pair.
[   12.792999] cloud-init[969]: Your identification has been saved in /etc/ssh/ssh_host_rsa_key.
[   12.794265] cloud-init[969]: Your public key has been saved in /etc/ssh/ssh_host_rsa_key.pub.
[[0;32m  OK  [0m] Listening on LXD - unix socket.
[[0;32m  OK  [0m] Listening on Socket activation for snappy daemon.
[   12.796340] cloud-init[969]: The key fingerprint is:
[   12.808384] [[0;32m  OK  [0m] Reached target Sockets.
[[0;32m  OK  [0m] Reached target Basic System.
cloud-init[[0;32m  OK  [0m] Started D-Bus System Message Bus.
[969]: SHA256:XwNfIv5jtly3uQpkFJDPQkA/a5L8ygfY9O15O/ZrhX8 root@ubuntu-xenial
[   12.816388] cloud-init[969]: The key's randomart image is:
[   12.817386] cloud-init[969]: +---[RSA 2048]----+
[   12.818290] cloud-init[969]: |      .o..o.     |
[   12.819237] cloud-init[969]: |        .o  .    |
[   12.820229] cloud-init[969]: |        .o=.. .  |
[   12.821101] cloud-init[969]: |      ...o+* o   |
[   12.821991] cloud-init[969]: |      ++So+o+  . |
[   12.823150] cloud-init[969]: |     . o+oo+ .. .|
[   12.824034] cloud-init[969]: |        ..o.* ..o|
[   12.825018] cloud-init[969]: |      . .. *.B oE|
[   12.825902] cloud-init[969]: |       o.   =o**+|
[   12.826778] cloud-init[969]: +----[SHA256]-----+
[   12.827660] cloud-init[969]: Generating public/private dsa key pair.
[   12.828716] cloud-init[969]: Your identification has been saved in /etc/ssh/ssh_host_dsa_key.
[   12.830070] cloud-init[969]: Your public key has been saved in /etc/ssh/ssh_host_dsa_key.pub.
[   12.831721] cloud-init[969]: The key fingerprint is:
[   12.832725] cloud-init[969]: SHA256:ErXk5SDT0ywWcqdy7G20NSW3Zf34LgMHBSuc8Uxgy6g root@ubuntu-xenial
[   12.834128] cloud-init[969]: The key's randomart image is:
[   12.835078] cloud-init[969]: +---[DSA 1024]----+
[   12.836092] cloud-init[969]: |      +.*+*.+.o +|
[   12.837008] cloud-init[969]: |       X=%oB =.+.|
[   12.837925] cloud-init[969]: |      o.BoO *....|
[   12.838792] cloud-init[969]: |       * o +... .|
[   12.839687] cloud-init[969]: |      E S +  . . |
[   12.840574] cloud-init[969]: |       . .  . . .|
[   12.841448] cloud-init[969]: |             o . |
[   12.842356] cloud-init[969]: |              o .|
[   12.843300] cloud-init[969]: |               o |
[   12.844230] cloud-init[969]: +----[SHA256]-----+
[   12.845116] cloud-init[969]: Generating public/private ecdsa key pair.
[   12.846373] cloud-init[969]: Your identification has been saved in /etc/ssh/ssh_host_ecdsa_key.
[   12.847813] cloud-init[969]: Your public key has been saved in /etc/ssh/ssh_host_ecdsa_key.pub.
[   12.849837] cloud-init[969]: The key fingerprint is:
[   12.850717] cloud-init[969]: SHA256:M5D4LonJfLd6v4gPyXuvU2v3k4N/BisOhgINUlH/LCg root@ubuntu-xenial
[   12.852072] cloud-init[969]: The key's randomart image is:
[   12.853123] cloud-init[969]: +---[ECDSA 256]---+
[   12.853975] cloud-init[969]: |  oo.            |
[   12.854837] cloud-init[969]: | .   o .         |
[   12.855682] cloud-init[969]: |. . . +          |
[   12.856510] cloud-init[969]: | . o o +         |
[   12.857328] cloud-init[969]: |  E o o S        |
[   12.858144] cloud-init[969]: | o * + o.o  .    |
[   12.858958] cloud-init[969]: |  = O +.o. . +   |
[   12.859777] cloud-init[969]: |   . B++o.+ = o  |
[   12.860603] cloud-init[969]: |    +==*++.+o=   |
[   12.861425] cloud-init[969]: +----[SHA256]-----+
[   12.862242] cloud-init[969]: Generating public/private ed25519 key pair.
[   12.863309] cloud-init[969]: Your identification has been saved in /etc/ssh/ssh_host_ed25519_key.
[   12.865617] [cloud-init[0;32m  OK  [0m[969]: ] Your public key has been saved in /etc/ssh/ssh_host_ed25519_key.pub.Started ACPI event daemon.

[   12.866053] cloud-init[969]: The key fingerprint is:
         Starting Virtualbox guest utils...
[   12.869255]          Starting System Logging Service...
cloud-init[969]:          Starting Snap Daemon...
SHA256:eVODFTz2IsM8IssdTMPiMSLL4Prq36JluePCHsLZkZU root@ubuntu-xenial         Starting LSB: MD monitoring daemon...
         Starting Accounts Service...
[[0;32m  OK  [0m] Started Deferred execution scheduler.
[[0;32m  OK  [0m] Started Regular background program processing daemon.
[[0;32m  OK  [0m] Started FUSE filesystem for LXC.
         Starting Login Service...
         Starting LSB: Record successful boot for GRUB...
         Starting /etc/rc.local Compatibility...
         Starting Pollinate to seed the pseudo random number generator...
         Starting LXD - container startup/shutdown...
[[0;32m  OK  [0m] Started iSCSI initiator daemon (iscsid).
[[0;32m  OK  [0m] Started /etc/rc.local Compatibility.

         Starting Login to default iSCSI targets...
[   12.892416] cloud-init[969]: The key's randomart image is:
[   12.935699] [[0;32m  OK  [0m] Started System Logging Service.
cloud-init[969]: +--[ED25519 256]--+
[[0;32m  OK  [0m] Started Login Service.
[[0;32m  OK  [0m] Started Unattended Upgrades Shutdown.
[[0;32m  OK  [0m] Started Login to default iSCSI targets.
[[0;32m  OK  [0m] Reached target Remote File Systems (Pre).
[[0;32m  OK  [0m] Reached target Remote File Systems.
         Starting Permit User Sessions...
         Starting LSB: daemon to balance interrupts for SMP systems...
         Starting LSB: Set the CPU Frequency Scaling governor to "ondemand"...
         Starting LSB: automatic crash report generation...
[[0;32m  OK  [0m] Started Permit User Sessions.
         Starting Terminate Plymouth Boot Screen...
         Starting Hold until boot process finishes up...
[[0;32m  OK  [0m] Started Hold until boot process finishes up.
[[0;32m  OK  [0m] Started Getty on tty1.
[[0;32m  OK  [0m] Started Serial Getty on ttyS0.
[[0;32m  OK  [0m] Reached target Login Prompts.
         Starting Set console scheme...
[   12.944925] cloud-init[969]: |       .   .o.   |
[   12.969917] cloud-init[969]: |. . . = +  o+    |
[[0;32m  OK  [0m] Started Terminate Plymouth Boot Screen.
[   12.977451] cloud-init[[0;32m  OK  [0m] Started Set console scheme.
[969]: |.o o E * +..oo   |
[   12.993319] cloud-init[969]: | .o o o +.*....  |
[   12.994852] cloud-init[969]: |.  o . +Soo+ .   |
[   12.996574] cloud-init[969]: |o o o o .. .     |
[   13.000902] cloud-init[969]: |o= =             |
[   13.005666] cloud-init         Starting Authenticate and Authorize Users to Run Privileged Tasks...
[[0;32m  OK  [0m] Started LSB: MD monitoring daemon.
[[0;32m  OK  [0m] Started LSB: Record successful boot for GRUB.
[969]: |.o=oo            |
[   13.016294] cloud-init[969]: |+==+o.           |
[[0;32m  OK  [0m] Started LSB: Set the CPU Frequency Scaling governor to "ondemand".
[   13.022794] cloud-init[969]: +----[SHA256]-----+
[[0;32m  OK  [0m] Started LSB: automatic crash report generation.
[[0;32m  OK  [0m] Started LXD - container startup/shutdown.
[[0;32m  OK  [0m] Started LSB: daemon to balance interrupts for SMP systems.
[[0;32m  OK  [0m] Started Authenticate and Authorize Users to Run Privileged Tasks.
[[0;32m  OK  [0m] Started Accounts Service.
[[0;32m  OK  [0m] Started Virtualbox guest utils.
[[0;32m  OK  [0m] Started Snap Daemon.
         Starting Wait until snapd is fully seeded...
[[0;32m  OK  [0m] Started Pollinate to seed the pseudo random number generator.
         Starting OpenBSD Secure Shell server...
[[0;32m  OK  [0m] Started OpenBSD Secure Shell server.
[[0;32m  OK  [0m] Started Wait until snapd is fully seeded.
         Starting Apply the settings specified in cloud-config...
[[0;32m  OK  [0m] Reached target Multi-User System.
[[0;32m  OK  [0m] Reached target Graphical Interface.
         Starting Update UTMP about System Runlevel Changes...
[[0;32m  OK  [0m] Started Update UTMP about System Runlevel Changes.
[   14.501307] cloud-init[1328]: Generating locales (this might take a while)...
[   15.026466] cloud-init[1328]:   en_US.UTF-8... done
[   15.027492] cloud-init[1328]: Generation complete.
[   15.243661] cloud-init[1328]: Cloud-init v. 20.2-45-g5f7825e2-0ubuntu1~16.04.1 running 'modules:config' at Wed, 02 Sep 2020 08:50:58 +0000. Up 14.42 seconds.
[[0;32m  OK  [0m] Started Apply the settings specified in cloud-config.
         Starting Execute cloud user/final scripts...
ci-info: no authorized SSH keys fingerprints found for user ubuntu.
<14>Sep  2 08:50:59 ec2: 
<14>Sep  2 08:50:59 ec2: #############################################################
<14>Sep  2 08:50:59 ec2: -----BEGIN SSH HOST KEY FINGERPRINTS-----
<14>Sep  2 08:50:59 ec2: 1024 SHA256:ErXk5SDT0ywWcqdy7G20NSW3Zf34LgMHBSuc8Uxgy6g root@ubuntu-xenial (DSA)
<14>Sep  2 08:50:59 ec2: 256 SHA256:M5D4LonJfLd6v4gPyXuvU2v3k4N/BisOhgINUlH/LCg root@ubuntu-xenial (ECDSA)
<14>Sep  2 08:50:59 ec2: 256 SHA256:eVODFTz2IsM8IssdTMPiMSLL4Prq36JluePCHsLZkZU root@ubuntu-xenial (ED25519)
<14>Sep  2 08:50:59 ec2: 2048 SHA256:XwNfIv5jtly3uQpkFJDPQkA/a5L8ygfY9O15O/ZrhX8 root@ubuntu-xenial (RSA)
<14>Sep  2 08:50:59 ec2: -----END SSH HOST KEY FINGERPRINTS-----
<14>Sep  2 08:50:59 ec2: #############################################################
-----BEGIN SSH HOST KEY KEYS-----
ecdsa-sha2-nistp256 AAAAE2VjZHNhLXNoYTItbmlzdHAyNTYAAAAIbmlzdHAyNTYAAABBBL7s0IyIrXhW+f4ohBB5wMWsNgJHYlnqWrnRPqHYqT67RkfWwhmBL+0SGNiaEcTf+HF85VONJathSSk4k0PafgA= root@ubuntu-xenial
ssh-ed25519 AAAAC3NzaC1lZDI1NTE5AAAAIOkJuSTmRkiKT2+0XmGJ4VhXGh0b2cvdRsa+sQi053nn root@ubuntu-xenial
ssh-rsa AAAAB3NzaC1yc2EAAAADAQABAAABAQCtyQa7AYeg0FMwyIWHCqDPVky5YYJzLLi4yJbpFWzXbpgcE156MqqRtnjN3bnmkzS49WYRswESzd550D5pqREfYqARN3NJQtNTZIaIEl+vj7MXYISb6sfYRMuxlShwRmue+iDHDdHabcPk5TeAgVXIlWLX6ix4PBdiDv3UVCzPnPP0OkteyfdvIpSZ+xasNi/P8ZcfcmVAOUW+AYs8zKxBlXFvmh0EhGiM2dut7RpuXNWvx6DW4kZ0BNucGSJ7JikeLGgh1TjK4fhrF/aJDarzSC1nLawkGjTCtlGL4/378//zNWbLqhbGXJCs+xpmS51asIzWhtADaXFJDDYEsvUJ root@ubuntu-xenial
-----END SSH HOST KEY KEYS-----
[   15.588609] cloud-init[1372]: Cloud-init v. 20.2-45-g5f7825e2-0ubuntu1~16.04.1 running 'modules:final' at Wed, 02 Sep 2020 08:50:59 +0000. Up 15.47 seconds.
[   15.590257] cloud-init[1372]: ci-info: no authorized SSH keys fingerprints found for user ubuntu.
[   15.596828] cloud-init[1372]: Cloud-init v. 20.2-45-g5f7825e2-0ubuntu1~16.04.1 finished at Wed, 02 Sep 2020 08:50:59 +0000. Datasource DataSourceNoCloud [seed=/dev/sdb][dsmode=net].  Up 15.58 seconds
[[0;32m  OK  [0m] Started Execute cloud user/final scripts.
[[0;32m  OK  [0m] Reached target Cloud-init target.

Ubuntu 16.04.7 LTS ubuntu-xenial ttyS0

ubuntu-xenial login: [[0;32m  OK  [0m] Closed Load/Save RF Kill Switch Status /dev/rfkill Watch.
[[0;32m  OK  [0m] Stopped target Cloud-init target.
         Stopping Authenticate and Authorize Users to Run Privileged Tasks...
[[0;32m  OK  [0m] Stopped target Graphical Interface.
         Stopping Session 2 of user vagrant.
[[0;32m  OK  [0m] Stopped Execute cloud user/final scripts.
         Stopping Accounts Service...
[[0;32m  OK  [0m] Stopped Apply the settings specified in cloud-config.
[[0;32m  OK  [0m] Stopped target Multi-User System.
         Stopping MySQL Community Server...
         Stopping LSB: Set the CPU Frequency Scaling governor to "ondemand"...
         Stopping System Logging Service...
         Stopping Unattended Upgrades Shutdown...
         Stopping LSB: MD monitoring daemon...
[[0;32m  OK  [0m] Stopped Wait until snapd is fully seeded.
         Stopping LSB: Record successful boot for GRUB...
         Stopping FUSE filesystem for LXC...
         Stopping Virtualbox guest utils...
         Stopping ACPI event daemon...
         Stopping OpenBSD Secure Shell server...
[[0;32m  OK  [0m] Stopped target Timers.
[[0;32m  OK  [0m] Stopped Daily apt upgrade and clean activities.
[[0;32m  OK  [0m] Stopped Message of the Day.
[[0;32m  OK  [0m] Stopped Daily apt download activities.
[[0;32m  OK  [0m] Stopped target System Time Synchronized.
         Stopping LSB: daemon to balance interrupts for SMP systems...
[[0;32m  OK  [0m] Stopped target Login Prompts.
         Stopping Serial Getty on ttyS0...
         Stopping Getty on tty1...
         Stopping LSB: automatic crash report generation...
         Stopping User Manager for UID 1000...
         Stopping D-Bus System Message Bus...
[[0;32m  OK  [0m] Stopped target Cloud-config availability.
[[0;32m  OK  [0m] Stopped Daily Cleanup of Temporary Directories.
         Stopping Regular background program processing daemon...
         Stopping LSB: Apache2 web server...
         Stopping Deferred execution scheduler...
         Stopping LXD - container startup/shutdown...
[[0;32m  OK  [0m] Unmounted /var/lib/lxcfs.
[[0;32m  OK  [0m] Stopped Accounts Service.
[[0;32m  OK  [0m] Stopped Deferred execution scheduler.
[[0;32m  OK  [0m] Stopped Regular background program processing daemon.
[[0;32m  OK  [0m] Stopped Getty on tty1.
[[0;32m  OK  [0m] Stopped Serial Getty on ttyS0.
[[0;32m  OK  [0m] Stopped System Logging Service.
[[0;32m  OK  [0m] Stopped Unattended Upgrades Shutdown.
[[0;32m  OK  [0m] Stopped Authenticate and Authorize Users to Run Privileged Tasks.
[[0;32m  OK  [0m] Stopped ACPI event daemon.
[[0;32m  OK  [0m] Stopped OpenBSD Secure Shell server.
[[0;32m  OK  [0m] Stopped User Manager for UID 1000.
[[0;32m  OK  [0m] Stopped Session 2 of user vagrant.
[[0;32m  OK  [0m] Stopped D-Bus System Message Bus.
[[0;32m  OK  [0m] Stopped FUSE filesystem for LXC.
[[0;32m  OK  [0m] Stopped LXD - container startup/shutdown.
[[0;32m  OK  [0m] Stopped LSB: MD monitoring daemon.
[[0;32m  OK  [0m] Stopped LSB: Set the CPU Frequency Scaling governor to "ondemand".
[[0;32m  OK  [0m] Stopped LSB: Record successful boot for GRUB.
[[0;32m  OK  [0m] Stopped LSB: daemon to balance interrupts for SMP systems.
[[0;32m  OK  [0m] Stopped LSB: automatic crash report generation.
[[0;32m  OK  [0m] Removed slice User Slice of vagrant.
         Stopping Login Service...
[[0;32m  OK  [0m] Removed slice system-serial\x2dgetty.slice.
         Stopping Permit User Sessions...
[[0;32m  OK  [0m] Removed slice system-getty.slice.
[[0;32m  OK  [0m] Stopped /etc/rc.local Compatibility.
[[0;32m  OK  [0m] Stopped Virtualbox guest utils.
[[0;32m  OK  [0m] Stopped Permit User Sessions.
[[0;32m  OK  [0m] Stopped Login Service.
[[0;32m  OK  [0m] Stopped target User and Group Name Lookups.
[[0;32m  OK  [0m] Stopped MySQL Community Server.
[[0;32m  OK  [0m] Stopped LSB: Apache2 web server.
[[0;32m  OK  [0m] Stopped target Remote File Systems.
[[0;32m  OK  [0m] Stopped target Remote File Systems (Pre).
         Stopping Login to default iSCSI targets...
[[0;32m  OK  [0m] Stopped target Basic System.
[[0;32m  OK  [0m] Stopped target Sockets.
[[0;32m  OK  [0m] Closed UUID daemon activation socket.
[[0;32m  OK  [0m] Closed Syslog Socket.
[[0;32m  OK  [0m] Closed LXD - unix socket.
[[0;32m  OK  [0m] Closed ACPID Listen Socket.
[[0;32m  OK  [0m] Closed Socket activation for snappy daemon.
[[0;32m  OK  [0m] Closed D-Bus System Message Bus Socket.
[[0;32m  OK  [0m] Stopped target Paths.
[[0;32m  OK  [0m] Stopped Forward Password Requests to Wall Directory Watch.
[[0;32m  OK  [0m] Stopped Dispatch Password Requests to Console Directory Watch.
[[0;32m  OK  [0m] Stopped ACPI Events Check.
[[0;32m  OK  [0m] Stopped target Slices.
[[0;32m  OK  [0m] Removed slice User and Session Slice.
[[0;32m  OK  [0m] Stopped target System Initialization.
[[0;32m  OK  [0m] Stopped target Swap.
         Stopping Load/Save Random Seed...
         Stopping Update UTMP about System Boot/Shutdown...
[[0;32m  OK  [0m] Stopped Commit a transient machine-id on disk.
[[0;32m  OK  [0m] Stopped target Encrypted Volumes.
[[0;32m  OK  [0m] Stopped Load/Save Random Seed.
[[0;32m  OK  [0m] Stopped Update UTMP about System Boot/Shutdown.
[[0;32m  OK  [0m] Stopped Create Volatile Files and Directories.
[[0;32m  OK  [0m] Stopped Login to default iSCSI targets.
         Stopping iSCSI initiator daemon (iscsid)...
[[0;32m  OK  [0m] Stopped iSCSI initiator daemon (iscsid).
[[0;32m  OK  [0m] Stopped target Network is Online.
[[0;32m  OK  [0m] Stopped Initial cloud-init job (metadata service crawler).
[[0;32m  OK  [0m] Stopped target Network.
         Stopping Raise network interfaces...
[[0;32m  OK  [0m] Stopped Raise network interfaces.
[[0;32m  OK  [0m] Stopped target Local File Systems.
         Unmounting /run/user/1000...
         Unmounting /vagrant...
[[0;32m  OK  [0m] Stopped Apply Kernel Variables.
[[0;32m  OK  [0m] Stopped Load Kernel Modules.
[[0;32m  OK  [0m] Stopped target Network (Pre).
[[0;32m  OK  [0m] Stopped Initial cloud-init job (pre-networking).
[[0;32m  OK  [0m] Unmounted /run/user/1000.
[[0;32m  OK  [0m] Unmounted /vagrant.
[[0;32m  OK  [0m] Reached target Unmount All Filesystems.
[[0;32m  OK  [0m] Stopped target Local File Systems (Pre).
         Stopping Monitoring of LVM2 mirrors... dmeventd or progress polling...
[[0;32m  OK  [0m] Stopped Create Static Device Nodes in /dev.
[[0;32m  OK  [0m] Stopped Remount Root and Kernel File Systems.
[[0;32m  OK  [0m] Reached target Shutdown.
[  103.311194] reboot: Restarting system
[    0.000000] Initializing cgroup subsys cpuset
[    0.000000] Initializing cgroup subsys cpu
[    0.000000] Initializing cgroup subsys cpuacct
[    0.000000] Linux version 4.4.0-189-generic (buildd@lgw01-amd64-047) (gcc version 5.4.0 20160609 (Ubuntu 5.4.0-6ubuntu1~16.04.12) ) #219-Ubuntu SMP Tue Aug 11 12:26:50 UTC 2020 (Ubuntu 4.4.0-189.219-generic 4.4.232)
[    0.000000] Command line: BOOT_IMAGE=/boot/vmlinuz-4.4.0-189-generic root=UUID=8b4521ed-e76e-42dd-b204-962cf3cf52b3 ro console=tty1 console=ttyS0
[    0.000000] KERNEL supported cpus:
[    0.000000]   Intel GenuineIntel
[    0.000000]   AMD AuthenticAMD
[    0.000000]   Centaur CentaurHauls
[    0.000000] x86/fpu: xstate_offset[2]:  576, xstate_sizes[2]:  256
[    0.000000] x86/fpu: Supporting XSAVE feature 0x01: 'x87 floating point registers'
[    0.000000] x86/fpu: Supporting XSAVE feature 0x02: 'SSE registers'
[    0.000000] x86/fpu: Supporting XSAVE feature 0x04: 'AVX registers'
[    0.000000] x86/fpu: Enabled xstate features 0x7, context size is 832 bytes, using 'standard' format.
[    0.000000] e820: BIOS-provided physical RAM map:
[    0.000000] BIOS-e820: [mem 0x0000000000000000-0x000000000009fbff] usable
[    0.000000] BIOS-e820: [mem 0x000000000009fc00-0x000000000009ffff] reserved
[    0.000000] BIOS-e820: [mem 0x00000000000f0000-0x00000000000fffff] reserved
[    0.000000] BIOS-e820: [mem 0x0000000000100000-0x000000001ffeffff] usable
[    0.000000] BIOS-e820: [mem 0x000000001fff0000-0x000000001fffffff] ACPI data
[    0.000000] BIOS-e820: [mem 0x00000000fec00000-0x00000000fec00fff] reserved
[    0.000000] BIOS-e820: [mem 0x00000000fee00000-0x00000000fee00fff] reserved
[    0.000000] BIOS-e820: [mem 0x00000000fffc0000-0x00000000ffffffff] reserved
[    0.000000] NX (Execute Disable) protection: active
[    0.000000] SMBIOS 2.5 present.
[    0.000000] Hypervisor detected: KVM
[    0.000000] e820: last_pfn = 0x1fff0 max_arch_pfn = 0x400000000
[    0.000000] MTRR: Disabled
[    0.000000] x86/PAT: MTRRs disabled, skipping PAT initialization too.
[    0.000000] CPU MTRRs all blank - virtualized system.
[    0.000000] x86/PAT: Configuration [0-7]: WB  WT  UC- UC  WB  WT  UC- UC  
[    0.000000] found SMP MP-table at [mem 0x0009fff0-0x0009ffff] mapped at [ffff88000009fff0]
[    0.000000] Scanning 1 areas for low memory corruption
[    0.000000] RAMDISK: [mem 0x1e7c7000-0x1f6d9fff]
[    0.000000] ACPI: Early table checksum verification disabled
[    0.000000] ACPI: RSDP 0x00000000000E0000 000024 (v02 VBOX  )
[    0.000000] ACPI: XSDT 0x000000001FFF0030 00003C (v01 VBOX   VBOXXSDT 00000001 ASL  00000061)
[    0.000000] ACPI: FACP 0x000000001FFF00F0 0000F4 (v04 VBOX   VBOXFACP 00000001 ASL  00000061)
[    0.000000] ACPI: DSDT 0x000000001FFF0470 002325 (v02 VBOX   VBOXBIOS 00000002 INTL 20100528)
[    0.000000] ACPI: FACS 0x000000001FFF0200 000040
[    0.000000] ACPI: FACS 0x000000001FFF0200 000040
[    0.000000] ACPI: APIC 0x000000001FFF0240 00005C (v02 VBOX   VBOXAPIC 00000001 ASL  00000061)
[    0.000000] ACPI: SSDT 0x000000001FFF02A0 0001CC (v01 VBOX   VBOXCPUT 00000002 INTL 20100528)
[    0.000000] No NUMA configuration found
[    0.000000] Faking a node at [mem 0x0000000000000000-0x000000001ffeffff]
[    0.000000] NODE_DATA(0) allocated [mem 0x1ffeb000-0x1ffeffff]
[    0.000000] kvm-clock: Using msrs 4b564d01 and 4b564d00
[    0.000000] kvm-clock: cpu 0, msr 0:1ffe3001, primary cpu clock
[    0.000000] kvm-clock: using sched offset of 110615197083 cycles
[    0.000000] clocksource: kvm-clock: mask: 0xffffffffffffffff max_cycles: 0x1cd42e4dffb, max_idle_ns: 881590591483 ns
[    0.000000] Zone ranges:
[    0.000000]   DMA      [mem 0x0000000000001000-0x0000000000ffffff]
[    0.000000]   DMA32    [mem 0x0000000001000000-0x000000001ffeffff]
[    0.000000]   Normal   empty
[    0.000000]   Device   empty
[    0.000000] Movable zone start for each node
[    0.000000] Early memory node ranges
[    0.000000]   node   0: [mem 0x0000000000001000-0x000000000009efff]
[    0.000000]   node   0: [mem 0x0000000000100000-0x000000001ffeffff]
[    0.000000] Initmem setup node 0 [mem 0x0000000000001000-0x000000001ffeffff]
[    0.000000] ACPI: PM-Timer IO Port: 0x4008
[    0.000000] IOAPIC[0]: apic_id 2, version 32, address 0xfec00000, GSI 0-23
[    0.000000] ACPI: INT_SRC_OVR (bus 0 bus_irq 0 global_irq 2 dfl dfl)
[    0.000000] ACPI: INT_SRC_OVR (bus 0 bus_irq 9 global_irq 9 low level)
[    0.000000] Using ACPI (MADT) for SMP configuration information
[    0.000000] smpboot: Allowing 2 CPUs, 0 hotplug CPUs
[    0.000000] PM: Registered nosave memory: [mem 0x00000000-0x00000fff]
[    0.000000] PM: Registered nosave memory: [mem 0x0009f000-0x0009ffff]
[    0.000000] PM: Registered nosave memory: [mem 0x000a0000-0x000effff]
[    0.000000] PM: Registered nosave memory: [mem 0x000f0000-0x000fffff]
[    0.000000] e820: [mem 0x20000000-0xfebfffff] available for PCI devices
[    0.000000] Booting paravirtualized kernel on KVM
[    0.000000] clocksource: refined-jiffies: mask: 0xffffffff max_cycles: 0xffffffff, max_idle_ns: 7645519600211568 ns
[    0.000000] setup_percpu: NR_CPUS:512 nr_cpumask_bits:512 nr_cpu_ids:2 nr_node_ids:1
[    0.000000] PERCPU: Embedded 33 pages/cpu @ffff88001fc00000 s95512 r8192 d31464 u1048576
[    0.000000] Built 1 zonelists in Node order, mobility grouping on.  Total pages: 128888
[    0.000000] Policy zone: DMA32
[    0.000000] Kernel command line: BOOT_IMAGE=/boot/vmlinuz-4.4.0-189-generic root=UUID=8b4521ed-e76e-42dd-b204-962cf3cf52b3 ro console=tty1 console=ttyS0
[    0.000000] PID hash table entries: 2048 (order: 2, 16384 bytes)
[    0.000000] Memory: 481028K/523832K available (8636K kernel code, 1337K rwdata, 4040K rodata, 1492K init, 1296K bss, 42804K reserved, 0K cma-reserved)
[    0.000000] SLUB: HWalign=64, Order=0-3, MinObjects=0, CPUs=2, Nodes=1
[    0.000000] Kernel/User page tables isolation: enabled
[    0.000000] Hierarchical RCU implementation.
[    0.000000] 	Build-time adjustment of leaf fanout to 64.
[    0.000000] 	RCU restricting CPUs from NR_CPUS=512 to nr_cpu_ids=2.
[    0.000000] RCU: Adjusting geometry for rcu_fanout_leaf=64, nr_cpu_ids=2
[    0.000000] NR_IRQS:33024 nr_irqs:440 16
[    0.000000] Console: colour VGA+ 80x25
[    0.000000] console [tty1] enabled
[    0.000000] console [ttyS0] enabled
[    0.000000] tsc: Detected 2711.998 MHz processor
[    0.121044] Calibrating delay loop (skipped) preset value.. 5423.99 BogoMIPS (lpj=10847992)
[    0.122590] pid_max: default: 32768 minimum: 301
[    0.123578] ACPI: Core revision 20150930
[    0.126021] ACPI: 2 ACPI AML tables successfully acquired and loaded
[    0.128098] Security Framework initialized
[    0.129459] Yama: becoming mindful.
[    0.130140] AppArmor: AppArmor initialized
[    0.130978] Dentry cache hash table entries: 65536 (order: 7, 524288 bytes)
[    0.132516] Inode-cache hash table entries: 32768 (order: 6, 262144 bytes)
[    0.133762] Mount-cache hash table entries: 1024 (order: 1, 8192 bytes)
[    0.135096] Mountpoint-cache hash table entries: 1024 (order: 1, 8192 bytes)
[    0.136471] Initializing cgroup subsys io
[    0.137229] Initializing cgroup subsys memory
[    0.138032] Initializing cgroup subsys devices
[    0.138909] Initializing cgroup subsys freezer
[    0.139838] Initializing cgroup subsys net_cls
[    0.141300] Initializing cgroup subsys perf_event
[    0.142148] Initializing cgroup subsys net_prio
[    0.143101] Initializing cgroup subsys hugetlb
[    0.144154] Initializing cgroup subsys pids
[    0.146016] mce: CPU supports 0 MCE banks
[    0.146784] Last level iTLB entries: 4KB 64, 2MB 8, 4MB 8
[    0.147757] Last level dTLB entries: 4KB 64, 2MB 0, 4MB 0, 1GB 4
[    0.148822] Spectre V1 : Mitigation: usercopy/swapgs barriers and __user pointer sanitization
[    0.150963] Spectre V2 : Mitigation: Full generic retpoline
[    0.152286] Spectre V2 : Spectre v2 / SpectreRSB mitigation: Filling RSB on context switch
[    0.153766] Speculative Store Bypass: Vulnerable
[    0.154594] SRBDS: Unknown: Dependent on hypervisor status
[    0.155613] MDS: Mitigation: Clear CPU buffers
[    0.158497] Freeing SMP alternatives memory: 36K
[    0.164082] ftrace: allocating 32336 entries in 127 pages
[    0.209762] smpboot: APIC(0) Converting physical 0 to logical package 0
[    0.211539] smpboot: Max logical packages: 1
[    0.212790] x2apic enabled
[    0.213834] Switched APIC routing to physical x2apic.
[    0.216109] ..TIMER: vector=0x30 apic1=0 pin1=2 apic2=-1 pin2=-1
[    0.325473] smpboot: CPU0: Intel(R) Core(TM) i7-8559U CPU @ 2.70GHz (family: 0x6, model: 0x8e, stepping: 0xa)
[    0.328059] Performance Events: unsupported p6 CPU model 142 no PMU driver, software events only.
[    0.338674] KVM setup paravirtual spinlock
[    0.340782] x86: Booting SMP configuration:
[    0.342223] .... node  #0, CPUs:      #1
[    0.343388] kvm-clock: cpu 1, msr 0:1ffe3041, secondary cpu clock
[    0.346244] mce: CPU supports 0 MCE banks
[    0.348939] x86: Booted up 1 node, 2 CPUs
[    0.349833] smpboot: Total of 2 processors activated (10847.99 BogoMIPS)
[    0.351587] devtmpfs: initialized
[    0.353542] evm: security.selinux
[    0.354177] evm: security.SMACK64
[    0.354805] evm: security.SMACK64EXEC
[    0.355482] evm: security.SMACK64TRANSMUTE
[    0.356221] evm: security.SMACK64MMAP
[    0.357122] evm: security.ima
[    0.358248] evm: security.capability
[    0.359372] clocksource: jiffies: mask: 0xffffffff max_cycles: 0xffffffff, max_idle_ns: 7645041785100000 ns
[    0.361153] futex hash table entries: 512 (order: 3, 32768 bytes)
[    0.362579] pinctrl core: initialized pinctrl subsystem
[    0.363554] RTC time:  8:52:30, date: 09/02/20
[    0.364624] NET: Registered protocol family 16
[    0.377918] cpuidle: using governor ladder
[    0.390653] cpuidle: using governor menu
[    0.392798] PCCT header not found.
[    0.393661] ACPI: bus type PCI registered
[    0.394445] acpiphp: ACPI Hot Plug PCI Controller Driver version: 0.5
[    0.395689] PCI: Using configuration type 1 for base access
[    0.411575] ACPI: Added _OSI(Module Device)
[    0.412996] ACPI: Added _OSI(Processor Device)
[    0.413920] ACPI: Added _OSI(3.0 _SCP Extensions)
[    0.414864] ACPI: Added _OSI(Processor Aggregator Device)
[    0.416535] ACPI: Executed 1 blocks of module-level executable AML code
[    0.419313] ACPI: Interpreter enabled
[    0.420026] ACPI: (supports S0 S5)
[    0.420683] ACPI: Using IOAPIC for interrupt routing
[    0.421768] PCI: Using host bridge windows from ACPI; if necessary, use "pci=nocrs" and report a bug
[    0.426974] ACPI: PCI Root Bridge [PCI0] (domain 0000 [bus 00-ff])
[    0.428561] acpi PNP0A03:00: _OSC: OS supports [ASPM ClockPM Segments MSI]
[    0.430281] acpi PNP0A03:00: _OSC: not requesting OS control; OS requires [ExtendedConfig ASPM ClockPM MSI]
[    0.432437] acpi PNP0A03:00: fail to add MMCONFIG information, can't access extended PCI configuration space under this bridge.
[    0.435155] PCI host bridge to bus 0000:00
[    0.435905] pci_bus 0000:00: root bus resource [io  0x0000-0x0cf7 window]
[    0.437690] pci_bus 0000:00: root bus resource [io  0x0d00-0xffff window]
[    0.438851] pci_bus 0000:00: root bus resource [mem 0x000a0000-0x000bffff window]
[    0.440285] pci_bus 0000:00: root bus resource [mem 0x20000000-0xfdffffff window]
[    0.442195] pci_bus 0000:00: root bus resource [bus 00-ff]
[    0.445095] pci 0000:00:01.1: legacy IDE quirk: reg 0x10: [io  0x01f0-0x01f7]
[    0.446682] pci 0000:00:01.1: legacy IDE quirk: reg 0x14: [io  0x03f6]
[    0.447868] pci 0000:00:01.1: legacy IDE quirk: reg 0x18: [io  0x0170-0x0177]
[    0.455770] pci 0000:00:01.1: legacy IDE quirk: reg 0x1c: [io  0x0376]
[    0.465039] pci 0000:00:07.0: quirk: [io  0x4000-0x403f] claimed by PIIX4 ACPI
[    0.467001] pci 0000:00:07.0: quirk: [io  0x4100-0x410f] claimed by PIIX4 SMB
[    0.474106] ACPI: PCI Interrupt Link [LNKA] (IRQs 5 9 10 *11)
[    0.475936] ACPI: PCI Interrupt Link [LNKB] (IRQs 5 9 *10 11)
[    0.477480] ACPI: PCI Interrupt Link [LNKC] (IRQs 5 *9 10 11)
[    0.478876] ACPI: PCI Interrupt Link [LNKD] (IRQs 5 9 10 *11)
[    0.480234] ACPI: Enabled 2 GPEs in block 00 to 07
[    0.481499] vgaarb: setting as boot device: PCI:0000:00:02.0
[    0.482911] vgaarb: device added: PCI:0000:00:02.0,decodes=io+mem,owns=io+mem,locks=none
[    0.484394] vgaarb: loaded
[    0.484953] vgaarb: bridge control possible 0000:00:02.0
[    0.486115] SCSI subsystem initialized
[    0.486923] ACPI: bus type USB registered
[    0.487689] usbcore: registered new interface driver usbfs
[    0.488649] usbcore: registered new interface driver hub
[    0.489611] usbcore: registered new device driver usb
[    0.490723] PCI: Using ACPI for IRQ routing
[    0.491808] NetLabel: Initializing
[    0.492511] NetLabel:  domain hash size = 128
[    0.493317] NetLabel:  protocols = UNLABELED CIPSOv4
[    0.494566] NetLabel:  unlabeled traffic allowed by default
[    0.495684] amd_nb: Cannot enumerate AMD northbridges
[    0.497006] clocksource: Switched to clocksource kvm-clock
[    0.502538] AppArmor: AppArmor Filesystem Enabled
[    0.503624] pnp: PnP ACPI init
[    0.505269] pnp: PnP ACPI: found 3 devices
[    0.513744] clocksource: acpi_pm: mask: 0xffffff max_cycles: 0xffffff, max_idle_ns: 2085701024 ns
[    0.516315] NET: Registered protocol family 2
[    0.517850] TCP established hash table entries: 4096 (order: 3, 32768 bytes)
[    0.519498] TCP bind hash table entries: 4096 (order: 4, 65536 bytes)
[    0.520600] TCP: Hash tables configured (established 4096 bind 4096)
[    0.522461] UDP hash table entries: 256 (order: 1, 8192 bytes)
[    0.523479] UDP-Lite hash table entries: 256 (order: 1, 8192 bytes)
[    0.524564] NET: Registered protocol family 1
[    0.525389] pci 0000:00:00.0: Limiting direct PCI/PCI transfers
[    0.526455] pci 0000:00:01.0: Activating ISA DMA hang workarounds
[    0.527894] Unpacking initramfs...
[    0.701399] Freeing initrd memory: 15436K
[    0.703074] clocksource: tsc: mask: 0xffffffffffffffff max_cycles: 0x27178451938, max_idle_ns: 440795251172 ns
[    0.705389] platform rtc_cmos: registered platform RTC device (no PNP device found)
[    0.707565] Scanning for low memory corruption every 60 seconds
[    0.709153] audit: initializing netlink subsys (disabled)
[    0.710105] audit: type=2000 audit(1599036863.529:1): initialized
[    0.711323] Initialise system trusted keyring
[    0.712449] HugeTLB registered 2 MB page size, pre-allocated 0 pages
[    0.714737] zbud: loaded
[    0.715892] VFS: Disk quotas dquot_6.6.0
[    0.716629] VFS: Dquot-cache hash table entries: 512 (order 0, 4096 bytes)
[    0.717960] squashfs: version 4.0 (2009/01/31) Phillip Lougher
[    0.719133] fuse init (API version 7.23)
[    0.719947] Key type big_key registered
[    0.720663] Allocating IMA MOK and blacklist keyrings.
[    0.722684] Key type asymmetric registered
[    0.723567] Asymmetric key parser 'x509' registered
[    0.724988] Block layer SCSI generic (bsg) driver version 0.4 loaded (major 249)
[    0.726743] io scheduler noop registered
[    0.727480] io scheduler deadline registered (default)
[    0.728408] io scheduler cfq registered
[    0.729195] pci_hotplug: PCI Hot Plug PCI Core version: 0.5
[    0.730218] pciehp: PCI Express Hot Plug Controller Driver version: 0.4
[    0.732793] ACPI: AC Adapter [AC] (off-line)
[    0.733789] input: Power Button as /devices/LNXSYSTM:00/LNXPWRBN:00/input/input0
[    0.735157] ACPI: Power Button [PWRF]
[    0.735909] input: Sleep Button as /devices/LNXSYSTM:00/LNXSLPBN:00/input/input1
[    0.737268] ACPI: Sleep Button [SLPF]
[    0.738181] GHES: HEST is not enabled!
[    0.739197] ACPI: Battery Slot [BAT0] (battery present)
[    0.740548] Serial: 8250/16550 driver, 32 ports, IRQ sharing enabled
[    0.763038] 00:02: ttyS0 at I/O 0x3f8 (irq = 4, base_baud = 115200) is a 16550A
[    0.767201] Linux agpgart interface v0.103
[    0.770302] loop: module loaded
[    0.771541] scsi host0: ata_piix
[    0.772265] scsi host1: ata_piix
[    0.772954] ata1: PATA max UDMA/33 cmd 0x1f0 ctl 0x3f6 bmdma 0xd000 irq 14
[    0.774176] ata2: PATA max UDMA/33 cmd 0x170 ctl 0x376 bmdma 0xd008 irq 15
[    0.775729] libphy: Fixed MDIO Bus: probed
[    0.776899] tun: Universal TUN/TAP device driver, 1.6
[    0.777882] tun: (C) 1999-2004 Max Krasnyansky <maxk@qualcomm.com>
[    0.779015] PPP generic driver version 2.4.2
[    0.779872] ehci_hcd: USB 2.0 'Enhanced' Host Controller (EHCI) Driver
[    0.780983] ehci-pci: EHCI PCI platform driver
[    0.782018] ehci-platform: EHCI generic platform driver
[    0.783071] ohci_hcd: USB 1.1 'Open' Host Controller (OHCI) Driver
[    0.784126] ohci-pci: OHCI PCI platform driver
[    0.784935] ohci-platform: OHCI generic platform driver
[    0.785991] uhci_hcd: USB Universal Host Controller Interface driver
[    0.787117] i8042: PNP: PS/2 Controller [PNP0303:PS2K,PNP0f03:PS2M] at 0x60,0x64 irq 1,12
[    0.788960] serio: i8042 KBD port at 0x60,0x64 irq 1
[    0.789962] serio: i8042 AUX port at 0x60,0x64 irq 12
[    0.791822] mousedev: PS/2 mouse device common for all mice
[    0.793289] input: AT Translated Set 2 keyboard as /devices/platform/i8042/serio0/input/input2
[    0.795387] rtc_cmos rtc_cmos: rtc core: registered rtc_cmos as rtc0
[    0.796509] rtc_cmos rtc_cmos: alarms up to one day, 114 bytes nvram
[    0.797631] i2c /dev entries driver
[    0.798344] device-mapper: uevent: version 1.0.3
[    0.799306] device-mapper: ioctl: 4.34.0-ioctl (2015-10-28) initialised: dm-devel@redhat.com
[    0.800901] ledtrig-cpu: registered to indicate activity on CPUs
[    0.802481] NET: Registered protocol family 10
[    0.803738] NET: Registered protocol family 17
[    0.804596] Key type dns_resolver registered
[    0.805705] registered taskstats version 1
[    0.806479] Loading compiled-in X.509 certificates
[    0.807743] Loaded X.509 cert 'Build time autogenerated kernel key: 06f0812676e66a24038557b34a5a5205bffb6390'
[    0.809537] zswap: loaded using pool lzo/zbud
[    0.812032] Key type trusted registered
[    0.815940] Key type encrypted registered
[    0.816728] AppArmor: AppArmor sha1 policy hashing enabled
[    0.817718] ima: No TPM chip found, activating TPM-bypass!
[    0.818685] ima: Allocated hash algorithm: sha1
[    0.819521] evm: HMAC attrs: 0x1
[    0.820606]   Magic number: 4:354:876
[    0.821599] rtc_cmos rtc_cmos: setting system clock to 2020-09-02 08:52:31 UTC (1599036751)
[    0.823354] BIOS EDD facility v0.16 2004-Jun-25, 0 devices found
[    0.824448] EDD information not available.
[    0.958056] Freeing unused kernel memory: 1492K
[    0.959467] Write protecting the kernel read-only data: 14336k
[    0.961136] Freeing unused kernel memory: 1592K
[    0.962084] Freeing unused kernel memory: 56K
Loading, please wait...
starting version 229
[    0.973744] random: systemd-udevd: uninitialized urandom read (16 bytes read, 3 bits of entropy available)
[    0.974555] random: udevadm: uninitialized urandom read (16 bytes read, 3 bits of entropy available)
[    0.974571] random: udevadm: uninitialized urandom read (16 bytes read, 3 bits of entropy available)
[    0.979301] random: systemd-udevd: uninitialized urandom read (16 bytes read, 3 bits of entropy available)
[    0.980417] random: udevadm: uninitialized urandom read (16 bytes read, 3 bits of entropy available)
[    0.980449] random: udevadm: uninitialized urandom read (16 bytes read, 3 bits of entropy available)
[    0.980550] random: udevadm: uninitialized urandom read (16 bytes read, 3 bits of entropy available)
[    0.980587] random: udevadm: uninitialized urandom read (16 bytes read, 3 bits of entropy available)
[    0.980624] random: udevadm: uninitialized urandom read (16 bytes read, 3 bits of entropy available)
[    0.980660] random: udevadm: uninitialized urandom read (16 bytes read, 3 bits of entropy available)
[    1.020712] e1000: Intel(R) PRO/1000 Network Driver - version 7.3.21-k8-NAPI
[    1.022956] e1000: Copyright (c) 1999-2006 Intel Corporation.
[    1.027763] Fusion MPT base driver 3.04.20
[    1.028940] Copyright (c) 1999-2008 LSI Corporation
[    1.033169] Fusion MPT SPI Host driver 3.04.20
[    1.047083] AVX2 version of gcm_enc/dec engaged.
[    1.048772] AES CTR mode by8 optimization enabled
[    1.258417] input: ImExPS/2 Generic Explorer Mouse as /devices/platform/i8042/serio1/input/input4
[    1.389357] e1000 0000:00:03.0 eth0: (PCI:33MHz:32-bit) 02:98:c6:81:17:55
[    1.391371] e1000 0000:00:03.0 eth0: Intel(R) PRO/1000 Network Connection
[    1.394237] mptbase: ioc0: Initiating bringup
[    2.600468] ioc0: LSI53C1030 A0: Capabilities={Initiator}
[    4.696193] scsi host2: ioc0: LSI53C1030 A0, FwRev=00000000h, Ports=1, MaxQ=256, IRQ=20
[    7.253698] scsi 2:0:0:0: Direct-Access     VBOX     HARDDISK         1.0  PQ: 0 ANSI: 5
[    7.256028] scsi target2:0:0: Beginning Domain Validation
[    7.259983] scsi target2:0:0: Domain Validation skipping write tests
[    7.261652] scsi target2:0:0: Ending Domain Validation
[    7.263032] scsi target2:0:0: asynchronous
[    7.264454] scsi 2:0:1:0: Direct-Access     VBOX     HARDDISK         1.0  PQ: 0 ANSI: 5
[    7.266462] scsi target2:0:1: Beginning Domain Validation
[    7.268500] scsi target2:0:1: Domain Validation skipping write tests
[    7.270083] scsi target2:0:1: Ending Domain Validation
[    7.271245] scsi target2:0:1: asynchronous
[    7.284156] sd 2:0:0:0: [sda] 20971520 512-byte logical blocks: (10.7 GB/10.0 GiB)
[    7.284320] sd 2:0:0:0: Attached scsi generic sg0 type 0
[    7.285845] sd 2:0:1:0: Attached scsi generic sg1 type 0
[    7.286236] sd 2:0:1:0: [sdb] 20480 512-byte logical blocks: (10.5 MB/10.0 MiB)
[    7.286416] sd 2:0:1:0: [sdb] Write Protect is off
[    7.286482] sd 2:0:1:0: [sdb] Incomplete mode parameter data
[    7.286483] sd 2:0:1:0: [sdb] Assuming drive cache: write through
[    7.287791] sd 2:0:1:0: [sdb] Attached SCSI disk
[    7.293377] sd 2:0:0:0: [sda] Write Protect is off
[    7.294781] sd 2:0:0:0: [sda] Incomplete mode parameter data
[    7.295842] sd 2:0:0:0: [sda] Assuming drive cache: write through
[    7.299360]  sda: sda1
[    7.304007] sd 2:0:0:0: [sda] Attached SCSI disk
[    7.715181] e1000 0000:00:08.0 eth1: (PCI:33MHz:32-bit) 08:00:27:10:af:7c
[    7.717265] e1000 0000:00:08.0 eth1: Intel(R) PRO/1000 Network Connection
[    7.720410] e1000 0000:00:03.0 enp0s3: renamed from eth0
[    7.734099] e1000 0000:00:08.0 enp0s8: renamed from eth1
Begin: Loading essential drivers ... [    8.982030] md: linear personality registered for level -1
[    8.985419] md: multipath personality registered for level -4
[    8.988512] md: raid0 personality registered for level 0
[    8.992295] md: raid1 personality registered for level 1
[    9.062185] raid6: sse2x1   gen() 14252 MB/s
[    9.129872] raid6: sse2x1   xor() 10213 MB/s
[    9.201412] raid6: sse2x2   gen() 18370 MB/s
[    9.269128] raid6: sse2x2   xor() 12162 MB/s
[    9.337718] raid6: sse2x4   gen() 19896 MB/s
[    9.405988] raid6: sse2x4   xor() 12775 MB/s
[    9.475992] raid6: avx2x1   gen() 22849 MB/s
[    9.545315] raid6: avx2x2   gen() 28954 MB/s
[    9.613243] raid6: avx2x4   gen() 31606 MB/s
[    9.614067] raid6: using algorithm avx2x4 gen() 31606 MB/s
[    9.615274] raid6: using avx2x2 recovery algorithm
[    9.617241] xor: automatically using best checksumming function:
[    9.657236]    avx       : 34167.000 MB/sec
[    9.659539] async_tx: api initialized (async)
[    9.671520] md: raid6 personality registered for level 6
[    9.672817] md: raid5 personality registered for level 5
[    9.673950] md: raid4 personality registered for level 4
[    9.680398] md: raid10 personality registered for level 10
done.
Begin: Running /scripts/init-premount ... done.
Begin: Mounting root file system ... Begin: Running /scripts/local-top ... done.
Begin: Running /scripts/local-premount ... [    9.706072] Btrfs loaded
Scanning for Btrfs filesystems
done.
Warning: fsck not present, so skipping root file system
[    9.729086] EXT4-fs (sda1): mounted filesystem with ordered data mode. Opts: (null)
done.
Begin: Running /scripts/local-bottom ... done.
Begin: Running /scripts/init-bottom ... done.
[    9.822951] systemd[1]: systemd 229 running in system mode. (+PAM +AUDIT +SELINUX +IMA +APPARMOR +SMACK +SYSVINIT +UTMP +LIBCRYPTSETUP +GCRYPT +GNUTLS +ACL +XZ -LZ4 +SECCOMP +BLKID +ELFUTILS +KMOD -IDN)
[    9.826768] systemd[1]: Detected virtualization oracle.
[    9.827824] systemd[1]: Detected architecture x86-64.

Welcome to [1mUbuntu 16.04.7 LTS[0m!

[    9.832055] systemd[1]: Set hostname to <srv02-lx-databaseserver>.
[    9.959069] systemd[1]: Reached target System Time Synchronized.
[[0;32m  OK  [0m] Reached target System Time Synchronized.
[    9.961135] systemd[1]: Reached target User and Group Name Lookups.
[[0;32m  OK  [0m] Reached target User and Group Name Lookups.
[    9.963480] systemd[1]: Listening on LVM2 metadata daemon socket.
[[0;32m  OK  [0m] Listening on LVM2 metadata daemon socket.
[    9.965608] systemd[1]: Reached target Encrypted Volumes.
[[0;32m  OK  [0m] Reached target Encrypted Volumes.
[    9.967756] systemd[1]: Created slice User and Session Slice.
[[0;32m  OK  [0m] Created slice User and Session Slice.
[    9.969886] systemd[1]: Listening on LVM2 poll daemon socket.
[[0;32m  OK  [0m] Listening on LVM2 poll daemon socket.
[    9.972019] systemd[1]: Listening on Journal Audit Socket.
[[0;32m  OK  [0m] Listening on Journal Audit Socket.
[    9.973925] systemd[1]: Listening on Journal Socket (/dev/log).
[[0;32m  OK  [0m] Listening on Journal Socket (/dev/log).
[    9.981850] systemd[1]: Listening on Syslog Socket.
[[0;32m  OK  [0m] Listening on Syslog Socket.
[    9.984314] systemd[1]: Started Trigger resolvconf update for networkd DNS.
[[0;32m  OK  [0m] Started Trigger resolvconf update for networkd DNS.
[    9.987867] systemd[1]: Created slice System Slice.
[[0;32m  OK  [0m] Created slice System Slice.
[    9.989908] systemd[1]: Created slice system-serial\x2dgetty.slice.
[[0;32m  OK  [0m] Created slice system-serial\x2dgetty.slice.
[    9.992059] systemd[1]: Listening on udev Kernel Socket.
[[0;32m  OK  [0m] Listening on udev Kernel Socket.
[    9.994178] systemd[1]: Listening on /dev/initctl Compatibility Named Pipe.
[[0;32m  OK  [0m] Listening on /dev/initctl Compatibility Named Pipe.
[    9.996517] systemd[1]: Set up automount Arbitrary Executable File Formats File System Automount Point.
[[0;32m  OK  [0m] Set up automount Arbitrary Executab...ats File System Automount Point.
[    9.999539] systemd[1]: Listening on Journal Socket.
[[0;32m  OK  [0m] Listening on Journal Socket.
[   10.018149] systemd[1]: Starting Set console keymap...
         Starting Set console keymap...
[   10.023238] systemd[1]: Starting Uncomplicated firewall...
         Starting Uncomplicated firewall...
[   10.026614] systemd[1]: Mounting Debug File System...
         Mounting Debug File System...
[   10.029153] systemd[1]: Starting Nameserver information manager...
         Starting Nameserver information manager...
[   10.032662] systemd[1]: Starting Create list of required static device nodes for the current kernel...
         Starting Create list of required st... nodes for the current kernel...
[   10.038046] systemd[1]: Starting Load Kernel Modules...
         Starting Load Kernel Modules...
[   10.040364] systemd[1]: Mounting Huge Pages File System...
         Mounting Huge Pages File System...
[   10.043611] systemd[1]: Starting Journal Service...
         Starting Journal Service...
[   10.046249] systemd[1]: Mounting POSIX Message Queue File System...
         Mounting POSIX Message Queue File System...
[   10.048766] systemd[1]: Listening on Device-mapper event daemon FIFOs.
[[0;32m  OK  [0m] Listening on Device-mapper event daemon FIFOs.
[   10.051097] Loading iSCSI transport class v2.0-870.
[   10.052322] systemd[1]: Starting Monitoring of LVM2 mirrors, snapshots etc. using dmeventd or progress polling...
         Starting Monitoring of LVM2 mirrors... dmeventd or progress polling...
[   10.056890] systemd[1]: Started Forward Password Requests to Wall Directory Watch.
[[0;32m  OK  [0m] Started Forward Password Requests to Wall Directory Watch.
[   10.061858] systemd[1]: Reached target Swap.
[[0;32m  OK  [0m] Reached target Swap.
[   10.064175] systemd[1]: Starting Remount Root and Kernel File Systems...
         Starting Remount Root and Kernel File Systems...
[   10.069365] systemd[1]: Reached target Slices.
[   10.070526] EXT4-fs (sda1): re-mounted. Opts: (null)
[[0;32m  OK  [0m] Reached target Slices.
[   10.072246] systemd[1]: Listening on udev Control Socket.
[[0;32m  OK  [0m] Listening on udev Control Socket.
[   10.075104] iscsi: registered transport (tcp)
[   10.075446] systemd[1]: Mounted Huge Pages File System.
[[0;32m  OK  [0m] Mounted Huge Pages File System.
[   10.077947] systemd[1]: Mounted POSIX Message Queue File System.
[[0;32m  OK  [0m] Mounted POSIX Message Queue File System.
[   10.080027] systemd[1]: Mounted Debug File System.
[[0;32m  OK  [0m] Mounted Debug File System.
[   10.082508] systemd[1]: Started Uncomplicated firewall.
[[0;32m  OK  [0m] Started Uncomplicated firewall.
[   10.087034] systemd[1]: Started Create list of required static device nodes for the current kernel.
[[0;32m  OK  [0m] Started Create list of required sta...ce nodes for the current kernel.
[   10.098534] systemd[1]: Started Remount Root and Kernel File Systems.
[[0;32m  OK  [0m] Started Remount Root and Kernel File Systems.
[   10.109820] iscsi: registered transport (iser)
[   10.122248] systemd[1]: Started Nameserver information manager.
[[0;32m  OK  [0m] Started Nameserver information manager.
[   10.125333] systemd[1]: Started Set console keymap.
[[0;32m  OK  [0m] Started Set console keymap.
[   10.127743] systemd[1]: Started Load Kernel Modules.
[[0;32m  OK  [0m] Started Load Kernel Modules.
[   10.138169] systemd[1]: Started Journal Service.
[[0;32m  OK  [0m] Started Journal Service.
[[0;32m  OK  [0m] Started LVM2 metadata daemon.
         Starting Apply Kernel Variables...
         Mounting FUSE Control File System...
         Starting udev Coldplug all Devices...
         Starting Flush Journal to Persistent Storage...
         Starting Load/Save Random Seed...
         Starting Create Static Device Nodes in /dev...
[[0;32m  OK  [0m] Mounted FUSE Control File System.
[[0;32m  OK  [0m] Started Apply Kernel Variables.
[[0;32m  OK  [0m] Started Load/Save Random Seed.
[[0;32m  OK  [0m] Started Flush Journal to Persistent Storage.
[[0;32m  OK  [0m] Started Create Static Device Nodes in /dev.
         Starting udev Kernel Device Manager...
[[0;32m  OK  [0m] Started udev Kernel Device Manager.
[[0;32m  OK  [0m] Started udev Coldplug all Devices.
[[0;32m  OK  [0m] Started Dispatch Password Requests to Console Directory Watch.
[[0;32m  OK  [0m] Found device /dev/ttyS0.
[[0;32m  OK  [0m] Listening on Load/Save RF Kill Switch Status /dev/rfkill Watch.
[[0;32m  OK  [0m] Found device 82540EM Gigabit Ethern...r (PRO/1000 MT Desktop Adapter).
[[0;32m  OK  [0m] Found device 82540EM Gigabit Ethern...r (PRO/1000 MT Desktop Adapter).
[[0;32m  OK  [0m] Started Monitoring of LVM2 mirrors,...ng dmeventd or progress polling.
[[0;32m  OK  [0m] Reached target Local File Systems (Pre).
[[0;32m  OK  [0m] Reached target Local File Systems.
         Starting Create Volatile Files and Directories...
         Starting LSB: AppArmor initialization...
         Starting Set console font and keymap...
         Starting Tell Plymouth To Write Out Runtime Data...
         Starting Initial cloud-init job (pre-networking)...
[[0;32m  OK  [0m] Started Create Volatile Files and Directories.
[[0;32m  OK  [0m] Started Tell Plymouth To Write Out Runtime Data.
         Starting Update UTMP about System Boot/Shutdown...
[[0;32m  OK  [0m] Started Update UTMP about System Boot/Shutdown.
[[0;32m  OK  [0m] Started LSB: AppArmor initialization.
         Starting Load AppArmor profiles managed internally by snapd...
[[0;32m  OK  [0m] Started Load AppArmor profiles managed internally by snapd.
[[0;32m  OK  [0m] Started Set console font and keymap.
[[0;32m  OK  [0m] Created slice system-getty.slice.
[   11.281173] cloud-init[663]: Cloud-init v. 20.2-45-g5f7825e2-0ubuntu1~16.04.1 running 'init-local' at Wed, 02 Sep 2020 08:52:41 +0000. Up 11.09 seconds.
[[0;32m  OK  [0m] Started Initial cloud-init job (pre-networking).
[[0;32m  OK  [0m] Reached target Network (Pre).
[[0;32m  OK  [0m] Started ifup for enp0s3.
[[0;32m  OK  [0m] Started ifup for enp0s8.
         Starting Raise network interfaces...
[[0;32m  OK  [0m] Started Raise network interfaces.
[[0;32m  OK  [0m] Reached target Network.
         Starting Initial cloud-init job (metadata service crawler)...
[   11.859043] cloud-init[1074]: Cloud-init v. 20.2-45-g5f7825e2-0ubuntu1~16.04.1 running 'init' at Wed, 02 Sep 2020 08:52:42 +0000. Up 11.66 seconds.
[   11.861030] cloud-init[1074]: ci-info: ++++++++++++++++++++++++++++++++++++++Net device info+++++++++++++++++++++++++++++++++++++++
[   11.862871] cloud-init[1074]: ci-info: +--------+------+-----------------------------+---------------+--------+-------------------+
[   11.864828] cloud-init[1074]: ci-info: | Device |  Up  |           Address           |      Mask     | Scope  |     Hw-Address    |
[   11.866620] cloud-init[1074]: ci-info: +--------+------+-----------------------------+---------------+--------+-------------------+
[   11.868211] cloud-init[1074]: ci-info: | enp0s3 | True |          10.0.2.15          | 255.255.255.0 | global | 02:98:c6:81:17:55 |
[   11.870046] cloud-init[1074]: ci-info: | enp0s3 | True |  fe80::98:c6ff:fe81:1755/64 |       .       |  link  | 02:98:c6:81:17:55 |
[   11.871889] cloud-init[1074]: ci-info: | enp0s8 | True |          10.0.0.11          | 255.255.255.0 | global | 08:00:27:10:af:7c |
[   11.873564] cloud-init[1074]: ci-info: | enp0s8 | True | fe80::a00:27ff:fe10:af7c/64 |       .       |  link  | 08:00:27:10:af:7c |
[   11.880927] cloud-init[1074]: ci-info: |   lo   | True |          127.0.0.1          |   255.0.0.0   |  host  |         .         |
[   11.888424] cloud-init[1074]: ci-info: |   lo   | True |           ::1/128           |       .       |  host  |         .         |
[   11.896645] cloud-init[1074]: ci-info: +--------+------+-----------------------------+---------------+--------+-------------------+
[   11.905412] cloud-init[1074]: ci-info: +++++++++++++++++++++++++++Route IPv4 info++++++++++++++++++++++++++++
[[0;32m  OK  [0m] Started Initial cloud-init job (metadata service crawler).
[[0;32m  OK  [0m] Reached target Network is Online.
[   11.916635] cloud-init[1074]: ci-info: +-------+-------------+----------+---------------+-----------+-------+
[   11.932947] cloud-init[1074]: ci-info: | Route | Destination | Gateway  |    Genmask    | Interface | Flags |
[   11.940523] cloud-init[1074]: ci-info: +-------+-------------+----------+---------------+-----------+-------+
[   11.941801] cloud-init[1074]: ci-info: |   0   |   0.0.0.0   | 10.0.2.2 |    0.0.0.0    |   enp0s3  |   UG  |
         Starting iSCSI initiator daemon (iscsid)...
[   11.943768] cloud-init[1074]: ci-info: |   1   |   10.0.0.0  | 0.0.0.0  | 255.255.255.0 |   enp0s8  |   U   |
[   11.947066] cloud-init[1074]: ci-info: |   2   |   10.0.2.0  | 0.0.0.0  | 255.255.255.0 |   enp0s3  |   U   |
[   11.947327] cloud-init[1074]: ci-info: +-------+-------------+----------+---------------+-----------+-------+
[   11.948438] cloud-init[1074]: ci-info: +++++++++++++++++++Route IPv6 info+++++++++++++++++++
[   11.948498] cloud-init[1074]: ci-info: +-------+-------------+---------+-----------+-------+
[   11.948690] cloud-init[1074]: ci-info: | Route | Destination | Gateway | Interface | Flags |
[[0;32m  OK  [0m] Reached target System Initialization.
[   11.948728] cloud-init[1074]: ci-info: +-------+-------------+---------+-----------+-------+
[   11.955721] cloud-init[1074]: ci-info: |   0   |  fe80::/64  |    ::   |   enp0s8  |   U   |
[   11.957470] cloud-init[1074]: ci-info: |   1   |  fe80::/64  |    ::   |   enp0s3  |   U   |
[   11.957714] cloud-init[1074]: ci-info: |   4   |   ff00::/8  |    ::   |   enp0s8  |   U   |[
[0;32m  OK  [0m] Started ACPI Events Check.
[[   11.959940] cloud-init[1074]: ci-info: |   5   |   ff00::/8  |    ::   |   enp0s3  |   U   |
[   11.962237] cloud-init[1074]: ci-info: +-------+-------------+---------+-----------+-------+
[0;32m  OK  [0m] Reached target Paths.
[[0;32m  OK  [0m] Listening on UUID daemon activation socket.
[[0;32m  OK  [0m] Started Daily Cleanup of Temporary Directories.
[[0;32m  OK  [0m] Listening on D-Bus System Message Bus Socket.
[[0;32m  OK  [0m] Listening on ACPID Listen Socket.
         Starting LXD - unix socket.
[[0;32m  OK  [0m] Started Daily apt download activities.
[[0;32m  OK  [0m] Started Daily apt upgrade and clean activities.
         Starting Socket activation for snappy daemon.
[[0;32m  OK  [0m] Started Message of the Day.
[[0;32m  OK  [0m] Reached target Timers.
[[0;32m  OK  [0m] Reached target Cloud-config availability.
[[0;32m  OK  [0m] Listening on LXD - unix socket.
[[0;32m  OK  [0m] Listening on Socket activation for snappy daemon.
[[0;32m  OK  [0m] Reached target Sockets.
[[0;32m  OK  [0m] Reached target Basic System.
         Starting LSB: Record successful boot for GRUB...
         Starting LSB: MD monitoring daemon...
         Starting OpenBSD Secure Shell server...
[[0;32m  OK  [0m] Started Deferred execution scheduler.
[[0;32m  OK  [0m] Started Regular background program processing daemon.
         Starting Accounts Service...
         Starting Login Service...
         Starting System Logging Service...
[[0;32m  OK  [0m] Started ACPI event daemon.
         Starting Virtualbox guest utils...
[[0;32m  OK  [0m] Started FUSE filesystem for LXC.
         Starting /etc/rc.local Compatibility...
[[0;32m  OK  [0m] Started D-Bus System Message Bus.
         Starting Snap Daemon...
         Starting MySQL Community Server...
         Starting LXD - container startup/shutdown...
[[0;32m  OK  [0m] Started System Logging Service.
[[0;32m  OK  [0m] Started iSCSI initiator daemon (iscsid).
[[0;32m  OK  [0m] Started /etc/rc.local Compatibility.
[[0;32m  OK  [0m] Started Login Service.
[[0;32m  OK  [0m] Started Unattended Upgrades Shutdown.
         Starting Authenticate and Authorize Users to Run Privileged Tasks...
         Starting Login to default iSCSI targets...
[[0;32m  OK  [0m] Started LSB: Record successful boot for GRUB.
[[0;32m  OK  [0m] Started LSB: MD monitoring daemon.
[[0;32m  OK  [0m] Started OpenBSD Secure Shell server.
[[0;32m  OK  [0m] Started Login to default iSCSI targets.
[[0;32m  OK  [0m] Reached target Remote File Systems (Pre).
[[0;32m  OK  [0m] Reached target Remote File Systems.
         Starting LSB: Apache2 web server...
         Starting LSB: daemon to balance interrupts for SMP systems...
         Starting LSB: Set the CPU Frequency Scaling governor to "ondemand"...
         Starting Permit User Sessions...
         Starting LSB: automatic crash report generation...
[[0;32m  OK  [0m] Started Permit User Sessions.
[[0;32m  OK  [0m] Started Authenticate and Authorize Users to Run Privileged Tasks.
         Starting Terminate Plymouth Boot Screen...
         Starting Hold until boot process finishes up...
[[0;32m  OK  [0m] Started Hold until boot process finishes up.
[[0;32m  OK  [0m] Started Getty on tty1.
         Starting Set console scheme...
[[0;32m  OK  [0m] Started Serial Getty on ttyS0.
[[0;32m  OK  [0m] Reached target Login Prompts.
[[0;32m  OK  [0m] Started Terminate Plymouth Boot Screen.
[[0;32m  OK  [0m] Started LXD - container startup/shutdown.
[[0;32m  OK  [0m] Started Set console scheme.
[[0;32m  OK  [0m] Started Accounts Service.
[[0;32m  OK  [0m] Started LSB: Set the CPU Frequency Scaling governor to "ondemand".
[[0;32m  OK  [0m] Started LSB: daemon to balance interrupts for SMP systems.
[[0;32m  OK  [0m] Started LSB: automatic crash report generation.
[[0;32m  OK  [0m] Started Virtualbox guest utils.
[[0;32m  OK  [0m] Started Snap Daemon.
         Starting Wait until snapd is fully seeded...
[[0;32m  OK  [0m] Started Wait until snapd is fully seeded.
         Starting Apply the settings specified in cloud-config...
[   12.739100] cloud-init[1373]: Cloud-init v. 20.2-45-g5f7825e2-0ubuntu1~16.04.1 running 'modules:config' at Wed, 02 Sep 2020 08:52:43 +0000. Up 12.67 seconds.
[[0;32m  OK  [0m] Started Apply the settings specified in cloud-config.
[[0;32m  OK  [0m] Started MySQL Community Server.
[[0;32m  OK  [0m] Started LSB: Apache2 web server.
[[0;32m  OK  [0m] Reached target Multi-User System.
         Starting Execute cloud user/final scripts...
[[0;32m  OK  [0m] Reached target Graphical Interface.
         Starting Update UTMP about System Runlevel Changes...
[[0;32m  OK  [0m] Started Update UTMP about System Runlevel Changes.
[   13.690658] cloud-init[1419]: Cloud-init v. 20.2-45-g5f7825e2-0ubuntu1~16.04.1 running 'modules:final' at Wed, 02 Sep 2020 08:52:44 +0000. Up 13.62 seconds.
[   13.697053] cloud-init[1419]: Cloud-init v. 20.2-45-g5f7825e2-0ubuntu1~16.04.1 finished at Wed, 02 Sep 2020 08:52:44 +0000. Datasource DataSourceNoCloud [seed=/dev/sdb][dsmode=net].  Up 13.68 seconds
[[0;32m  OK  [0m] Started Execute cloud user/final scripts.
[[0;32m  OK  [0m] Reached target Cloud-init target.

Ubuntu 16.04.7 LTS srv02-lx-databaseserver ttyS0

srv02-lx-databaseserver login: 08:50:53 +0000. Up 13.98 seconds.
[   14.069715] cloud-init[1421]: Cloud-init v. 20.2-45-g5f7825e2-0ubuntu1~16.04.1 finished at Wed, 02 Sep 2020 08:50:53 +0000. Datasource DataSourceNoCloud [seed=/dev/sdb][dsmode=net].  Up 14.06 seconds
[[0;32m  OK  [0m] Started Execute cloud user/final scripts.
[[0;32m  OK  [0m] Reached target Cloud-init target.

Ubuntu 16.04.7 LTS srv01-lx-webserver ttyS0

srv01-lx-webserver login: 